fsl_spi.c:152:13:SPI_WriteNonBlocking	12	static
fsl_spi.c:279:13:SPI_SendTransfer	24	static
fsl_spi.c:341:13:SPI_ReceiveTransfer	12	static
fsl_spi.c:1017:13:SPI_CommonIRQHandler	8	static
fsl_spi.c:134:10:SPI_GetInstance	0	static
fsl_spi.c:386:6:SPI_MasterGetDefaultConfig	0	static
fsl_spi.c:453:6:SPI_SlaveGetDefaultConfig	0	static
fsl_spi.c:471:6:SPI_SlaveInit	16	static
fsl_spi.c:510:6:SPI_Deinit	8	static
fsl_spi.c:521:10:SPI_GetStatusFlags	0	static
fsl_spi.c:537:6:SPI_EnableInterrupts	0	static
fsl_spi.c:576:6:SPI_DisableInterrupts	0	static
fsl_spi.c:614:6:SPI_MasterSetBaudRate	48	static
fsl_spi.c:408:6:SPI_MasterInit	32	static
fsl_spi.c:667:6:SPI_WriteBlocking	24	static
fsl_spi.c:708:6:SPI_WriteData	0	static
fsl_spi.c:718:10:SPI_ReadData	0	static
fsl_spi.c:730:10:SPI_MasterTransferBlocking	16	static
fsl_spi.c:792:6:SPI_MasterTransferCreateHandle	24	static
fsl_spi.c:822:10:SPI_MasterTransferNonBlocking	16	static
fsl_spi.c:894:10:SPI_MasterTransferGetCount	8	static
fsl_spi.c:920:6:SPI_MasterTransferAbort	8	static
fsl_spi.c:946:6:SPI_MasterTransferHandleIRQ.part.0	16	static
fsl_spi.c:988:6:SPI_SlaveTransferHandleIRQ	16	static
fsl_spi.c:946:6:SPI_MasterTransferHandleIRQ	16	static
fsl_spi.c:975:6:SPI_SlaveTransferCreateHandle	8	static
fsl_spi.c:1030:6:SPI0_DriverIRQHandler	8	static
fsl_spi.c:1038:6:SPI1_DriverIRQHandler	8	static
