Archive member included to satisfy reference by file (symbol)

/usr/local/mcuxpressoide-11.2.0_4120/ide/plugins/com.nxp.mcuxpresso.tools.linux_11.2.0.202001021529/tools/bin/../lib/gcc/arm-none-eabi/9.2.1/../../../../arm-none-eabi/lib/thumb/v6-m/nofp/libcr_nohost_nf.a(_cr__main.o)
                              ./startup/startup_mkl25z4.o (__main)
/usr/local/mcuxpressoide-11.2.0_4120/ide/plugins/com.nxp.mcuxpresso.tools.linux_11.2.0.202001021529/tools/bin/../lib/gcc/arm-none-eabi/9.2.1/../../../../arm-none-eabi/lib/thumb/v6-m/nofp/libcr_c.a(memcpy.o)
                              ./drivers/fsl_flash.o (memcpy)
/usr/local/mcuxpressoide-11.2.0_4120/ide/plugins/com.nxp.mcuxpresso.tools.linux_11.2.0.202001021529/tools/bin/../lib/gcc/arm-none-eabi/9.2.1/../../../../arm-none-eabi/lib/thumb/v6-m/nofp/libcr_c.a(memset.o)
                              ./drivers/fsl_flash.o (memset)
/usr/local/mcuxpressoide-11.2.0_4120/ide/plugins/com.nxp.mcuxpresso.tools.linux_11.2.0.202001021529/tools/bin/../lib/gcc/arm-none-eabi/9.2.1/../../../../arm-none-eabi/lib/thumb/v6-m/nofp/libcr_c.a(initio.o)
                              /usr/local/mcuxpressoide-11.2.0_4120/ide/plugins/com.nxp.mcuxpresso.tools.linux_11.2.0.202001021529/tools/bin/../lib/gcc/arm-none-eabi/9.2.1/../../../../arm-none-eabi/lib/thumb/v6-m/nofp/libcr_nohost_nf.a(_cr__main.o) (_initio)
/usr/local/mcuxpressoide-11.2.0_4120/ide/plugins/com.nxp.mcuxpresso.tools.linux_11.2.0.202001021529/tools/bin/../lib/gcc/arm-none-eabi/9.2.1/../../../../arm-none-eabi/lib/thumb/v6-m/nofp/libcr_c.a(modf.o)
                              ./utilities/fsl_debug_console.o (modf)
/usr/local/mcuxpressoide-11.2.0_4120/ide/plugins/com.nxp.mcuxpresso.tools.linux_11.2.0.202001021529/tools/bin/../lib/gcc/arm-none-eabi/9.2.1/../../../../arm-none-eabi/lib/thumb/v6-m/nofp/libcr_c.a(pow.o)
                              ./utilities/fsl_debug_console.o (pow)
/usr/local/mcuxpressoide-11.2.0_4120/ide/plugins/com.nxp.mcuxpresso.tools.linux_11.2.0.202001021529/tools/bin/../lib/gcc/arm-none-eabi/9.2.1/../../../../arm-none-eabi/lib/thumb/v6-m/nofp/libcr_c.a(setvbuf.o)
                              /usr/local/mcuxpressoide-11.2.0_4120/ide/plugins/com.nxp.mcuxpresso.tools.linux_11.2.0.202001021529/tools/bin/../lib/gcc/arm-none-eabi/9.2.1/../../../../arm-none-eabi/lib/thumb/v6-m/nofp/libcr_c.a(initio.o) (setvbuf)
/usr/local/mcuxpressoide-11.2.0_4120/ide/plugins/com.nxp.mcuxpresso.tools.linux_11.2.0.202001021529/tools/bin/../lib/gcc/arm-none-eabi/9.2.1/../../../../arm-none-eabi/lib/thumb/v6-m/nofp/libcr_c.a(strlen.o)
                              ./utilities/fsl_debug_console.o (strlen)
/usr/local/mcuxpressoide-11.2.0_4120/ide/plugins/com.nxp.mcuxpresso.tools.linux_11.2.0.202001021529/tools/bin/../lib/gcc/arm-none-eabi/9.2.1/../../../../arm-none-eabi/lib/thumb/v6-m/nofp/libcr_c.a(_fdopen.o)
                              /usr/local/mcuxpressoide-11.2.0_4120/ide/plugins/com.nxp.mcuxpresso.tools.linux_11.2.0.202001021529/tools/bin/../lib/gcc/arm-none-eabi/9.2.1/../../../../arm-none-eabi/lib/thumb/v6-m/nofp/libcr_c.a(initio.o) (_fdopen)
/usr/local/mcuxpressoide-11.2.0_4120/ide/plugins/com.nxp.mcuxpresso.tools.linux_11.2.0.202001021529/tools/bin/../lib/gcc/arm-none-eabi/9.2.1/../../../../arm-none-eabi/lib/thumb/v6-m/nofp/libcr_c.a(errno.o)
                              /usr/local/mcuxpressoide-11.2.0_4120/ide/plugins/com.nxp.mcuxpresso.tools.linux_11.2.0.202001021529/tools/bin/../lib/gcc/arm-none-eabi/9.2.1/../../../../arm-none-eabi/lib/thumb/v6-m/nofp/libcr_c.a(pow.o) (errno)
/usr/local/mcuxpressoide-11.2.0_4120/ide/plugins/com.nxp.mcuxpresso.tools.linux_11.2.0.202001021529/tools/bin/../lib/gcc/arm-none-eabi/9.2.1/../../../../arm-none-eabi/lib/thumb/v6-m/nofp/libcr_c.a(fclose.o)
                              /usr/local/mcuxpressoide-11.2.0_4120/ide/plugins/com.nxp.mcuxpresso.tools.linux_11.2.0.202001021529/tools/bin/../lib/gcc/arm-none-eabi/9.2.1/../../../../arm-none-eabi/lib/thumb/v6-m/nofp/libcr_c.a(initio.o) (fclose)
/usr/local/mcuxpressoide-11.2.0_4120/ide/plugins/com.nxp.mcuxpresso.tools.linux_11.2.0.202001021529/tools/bin/../lib/gcc/arm-none-eabi/9.2.1/../../../../arm-none-eabi/lib/thumb/v6-m/nofp/libcr_c.a(fflush.o)
                              /usr/local/mcuxpressoide-11.2.0_4120/ide/plugins/com.nxp.mcuxpresso.tools.linux_11.2.0.202001021529/tools/bin/../lib/gcc/arm-none-eabi/9.2.1/../../../../arm-none-eabi/lib/thumb/v6-m/nofp/libcr_c.a(fclose.o) (fflush)
/usr/local/mcuxpressoide-11.2.0_4120/ide/plugins/com.nxp.mcuxpresso.tools.linux_11.2.0.202001021529/tools/bin/../lib/gcc/arm-none-eabi/9.2.1/../../../../arm-none-eabi/lib/thumb/v6-m/nofp/libcr_c.a(frexp.o)
                              /usr/local/mcuxpressoide-11.2.0_4120/ide/plugins/com.nxp.mcuxpresso.tools.linux_11.2.0.202001021529/tools/bin/../lib/gcc/arm-none-eabi/9.2.1/../../../../arm-none-eabi/lib/thumb/v6-m/nofp/libcr_c.a(pow.o) (frexp)
[...]
Memory Configuration

Name             Origin             Length             Attributes
PROGRAM_FLASH    0x0000000000000000 0x0000000000020000 xr
SRAM             0x000000001ffff000 0x0000000000004000 xrw
*default*        0x0000000000000000 0xffffffffffffffff

Linker script and memory map

LOAD ./utilities/fsl_debug_console.o
LOAD ./startup/startup_mkl25z4.o
LOAD ./source/Assignment_4_Buffaiti.o
LOAD ./source/cap_sensor.o
LOAD ./source/led.o
LOAD ./source/mtb.o
LOAD ./source/semihost_hardfault.o
LOAD ./source/statemachine.o
LOAD ./source/switch.o
LOAD ./source/temp_systick.o
LOAD ./drivers/fsl_clock.o
LOAD ./drivers/fsl_cmp.o
LOAD ./drivers/fsl_common.o
LOAD ./drivers/fsl_cop.o
LOAD ./drivers/fsl_flash.o
LOAD ./drivers/fsl_gpio.o
LOAD ./drivers/fsl_lpsci.o
LOAD ./drivers/fsl_smc.o
LOAD ./drivers/fsl_spi.o
LOAD ./drivers/fsl_tpm.o
LOAD ./drivers/fsl_tsi_v4.o
LOAD ./drivers/fsl_uart.o
LOAD ./board/board.o
LOAD ./board/clock_config.o
LOAD ./board/peripherals.o
LOAD ./board/pin_mux.o
LOAD ./CMSIS/system_MKL25Z4.o
START GROUP
LOAD /usr/local/mcuxpressoide-11.2.0_4120/ide/plugins/com.nxp.mcuxpresso.tools.linux_11.2.0.202001021529/tools/bin/../lib/gcc/arm-none-eabi/9.2.1/../../../../arm-none-eabi/lib/thumb/v6-m/nofp/libcr_nohost_nf.a
LOAD /usr/local/mcuxpressoide-11.2.0_4120/ide/plugins/com.nxp.mcuxpresso.tools.linux_11.2.0.202001021529/tools/bin/../lib/gcc/arm-none-eabi/9.2.1/../../../../arm-none-eabi/lib/thumb/v6-m/nofp/libcr_c.a
LOAD /usr/local/mcuxpressoide-11.2.0_4120/ide/plugins/com.nxp.mcuxpresso.tools.linux_11.2.0.202001021529/tools/bin/../lib/gcc/arm-none-eabi/9.2.1/thumb/v6-m/nofp/libcr_eabihelpers.a
LOAD /usr/local/mcuxpressoide-11.2.0_4120/ide/plugins/com.nxp.mcuxpresso.tools.linux_11.2.0.202001021529/tools/bin/../lib/gcc/arm-none-eabi/9.2.1/thumb/v6-m/nofp/libgcc.a
END GROUP
                0x0000000000000000                __base_PROGRAM_FLASH = 0x0
                0x0000000000000000                __base_Flash = 0x0
                0x0000000000020000                __top_PROGRAM_FLASH = 0x20000
                0x0000000000020000                __top_Flash = 0x20000
                0x000000001ffff000                __base_SRAM = 0x1ffff000
                0x000000001ffff000                __base_RAM = 0x1ffff000
                0x0000000020003000                __top_SRAM = 0x20003000
                0x0000000020003000                __top_RAM = 0x20003000

.text           0x0000000000000000     0x2010
 FILL mask 0xff
                0x0000000000000000                __vectors_start__ = ABSOLUTE (.)
 *(SORT_BY_ALIGNMENT(.isr_vector))
 .isr_vector    0x0000000000000000       0xc0 ./startup/startup_mkl25z4.o
                0x0000000000000000                __Vectors
                0x0000000000000000                g_pfnVectors
                0x00000000000000c0                . = ALIGN (0x4)
                0x00000000000000c0                __section_table_start = .
                0x00000000000000c0                __data_section_table = .
                0x00000000000000c0        0x4 LONG 0x2010 LOADADDR (.data)
                0x00000000000000c4        0x4 LONG 0x1ffff080 ADDR (.data)
                0x00000000000000c8        0x4 LONG 0x3c SIZEOF (.data)
                0x00000000000000cc                __data_section_table_end = .
                0x00000000000000cc                __bss_section_table = .
                0x00000000000000cc        0x4 LONG 0x1ffff0c0 ADDR (.bss)
                0x00000000000000d0        0x4 LONG 0x110 SIZEOF (.bss)
                0x00000000000000d4                __bss_section_table_end = .
                0x00000000000000d4                __section_table_end = .
 *(SORT_BY_ALIGNMENT(.after_vectors*))
 .after_vectors.reset
                0x00000000000000d4       0x44 ./startup/startup_mkl25z4.o
                0x00000000000000d4                ResetISR
 .after_vectors
                0x0000000000000118      0x10c ./startup/startup_mkl25z4.o
                0x0000000000000118                NMI_Handler
                0x000000000000011c                SVC_Handler
                0x000000000000011e                PendSV_Handler
                0x0000000000000122                PIT_DriverIRQHandler
                0x0000000000000122                Reserved39_DriverIRQHandler
                0x0000000000000122                DMA0_DriverIRQHandler
                0x0000000000000122                LPTMR0_DriverIRQHandler
                0x0000000000000122                TPM2_DriverIRQHandler
                0x0000000000000122                TSI0_DriverIRQHandler
                0x0000000000000122                RTC_Seconds_DriverIRQHandler
                0x0000000000000122                LLWU_DriverIRQHandler
                0x0000000000000122                MCG_DriverIRQHandler
                0x0000000000000122                FTFA_DriverIRQHandler
                0x0000000000000122                IntDefaultHandler
                0x0000000000000122                USB0_DriverIRQHandler
                0x0000000000000122                DAC0_DriverIRQHandler
                0x0000000000000122                LVD_LVW_DriverIRQHandler
                0x0000000000000122                TPM0_DriverIRQHandler
                0x0000000000000122                Reserved20_DriverIRQHandler
                0x0000000000000122                DMA3_DriverIRQHandler
                0x0000000000000122                Reserved45_DriverIRQHandler
                0x0000000000000122                PORTA_DriverIRQHandler
                0x0000000000000122                TPM1_DriverIRQHandler
                0x0000000000000122                RTC_DriverIRQHandler
                0x0000000000000122                DMA1_DriverIRQHandler
                0x0000000000000122                I2C1_DriverIRQHandler
                0x0000000000000122                ADC0_DriverIRQHandler
                0x0000000000000122                CMP0_DriverIRQHandler
                0x0000000000000122                DMA2_DriverIRQHandler
                0x0000000000000122                PORTD_DriverIRQHandler
                0x0000000000000122                I2C0_DriverIRQHandler
                0x0000000000000124                DMA0_IRQHandler
                0x000000000000012c                DMA1_IRQHandler
                0x0000000000000134                DMA2_IRQHandler
                0x000000000000013c                DMA3_IRQHandler
                0x0000000000000144                Reserved20_IRQHandler
                0x000000000000014c                FTFA_IRQHandler
                0x0000000000000154                LVD_LVW_IRQHandler
                0x000000000000015c                LLWU_IRQHandler
                0x0000000000000164                I2C0_IRQHandler
                0x000000000000016c                I2C1_IRQHandler
                0x0000000000000174                SPI0_IRQHandler
                0x000000000000017c                SPI1_IRQHandler
                0x0000000000000184                UART0_IRQHandler
                0x000000000000018c                UART1_IRQHandler
                0x0000000000000194                UART2_IRQHandler
                0x000000000000019c                ADC0_IRQHandler
                0x00000000000001a4                CMP0_IRQHandler
                0x00000000000001ac                TPM0_IRQHandler
                0x00000000000001b4                TPM1_IRQHandler
                0x00000000000001bc                TPM2_IRQHandler
                0x00000000000001c4                RTC_IRQHandler
                0x00000000000001cc                RTC_Seconds_IRQHandler
                0x00000000000001d4                PIT_IRQHandler
                0x00000000000001dc                Reserved39_IRQHandler
                0x00000000000001e4                USB0_IRQHandler
                0x00000000000001ec                DAC0_IRQHandler
                0x00000000000001f4                TSI0_IRQHandler
                0x00000000000001fc                MCG_IRQHandler
                0x0000000000000204                LPTMR0_IRQHandler
                0x000000000000020c                Reserved45_IRQHandler
                0x000000000000021c                PORTD_IRQHandler
 .after_vectors.init_data
                0x0000000000000224       0x16 ./startup/startup_mkl25z4.o
                0x0000000000000224                data_init
 .after_vectors.init_bss
                0x000000000000023a       0x14 ./startup/startup_mkl25z4.o
                0x000000000000023a                bss_init
                0x0000000000000400                . = 0x400
 *fill*         0x000000000000024e      0x1b2 ff
                0x0000000000000400                PROVIDE (__FLASH_CONFIG_START__ = .)
 *(SORT_BY_ALIGNMENT(.FlashConfig))
 .FlashConfig   0x0000000000000400       0x10 ./startup/startup_mkl25z4.o
                0x0000000000000400                Flash_Config
                0x0000000000000410                PROVIDE (__FLASH_CONFIG_END__ = .)
                0x0000000000000001                ASSERT (! ((__FLASH_CONFIG_START__ == __FLASH_CONFIG_END__)), Linker Flash Config Support Enabled, but no .FlashConfig section provided within application)
 *(SORT_BY_ALIGNMENT(.text*))
 .text.DbgConsole_Init
                0x0000000000000410       0x9c ./utilities/fsl_debug_console.o
                0x0000000000000410                DbgConsole_Init
 .text.startup.main
                0x00000000000004ac       0x30 ./source/Assignment_4_Buffaiti.o
                0x00000000000004ac                main
 .text.CAP_Init
                0x00000000000004dc       0x24 ./source/cap_sensor.o
                0x00000000000004dc                CAP_Init
 .text.CAP_Scan
                0x0000000000000500       0x40 ./source/cap_sensor.o
                0x0000000000000500                CAP_Scan
 .text.Init_LED_PWM
                0x0000000000000540       0xc4 ./source/led.o
                0x0000000000000540                Init_LED_PWM
 .text.LED_SET  0x0000000000000604       0x40 ./source/led.o
                0x0000000000000604                LED_SET
 .text.HardFault_Handler
                0x0000000000000644       0x2c ./source/semihost_hardfault.o
                0x0000000000000644                HardFault_Handler
 .text.cap_touch_action
                0x0000000000000670       0x24 ./source/statemachine.o
                0x0000000000000670                cap_touch_action
 .text.switch_action
                0x0000000000000694       0x38 ./source/statemachine.o
                0x0000000000000694                switch_action
 .text.state_machine
                0x00000000000006cc      0x348 ./source/statemachine.o
                0x00000000000006cc                state_machine
 .text.Init_Switch
                0x0000000000000a14       0x48 ./source/switch.o
                0x0000000000000a14                Init_Switch
 .text.PORTA_IRQHandler
                0x0000000000000a5c       0x34 ./source/switch.o
                0x0000000000000a5c                PORTA_IRQHandler
 .text.SysTick_Init
                0x0000000000000a90       0x60 ./source/temp_systick.o
                0x0000000000000a90                SysTick_Init
 .text.reset_timer
                0x0000000000000af0       0x14 ./source/temp_systick.o
                0x0000000000000af0                reset_timer
 .text.get_timer
                0x0000000000000b04       0x14 ./source/temp_systick.o
                0x0000000000000b04                get_timer
 .text.SysTick_Handler
                0x0000000000000b18       0x64 ./source/temp_systick.o
                0x0000000000000b18                SysTick_Handler
 .text.Delay    0x0000000000000b7c       0x14 ./source/temp_systick.o
                0x0000000000000b7c                Delay
 .text.CLOCK_GetFllExtRefClkFreq
                0x0000000000000b90       0x3c ./drivers/fsl_clock.o
 .text.CLOCK_SetSimConfig
                0x0000000000000bcc       0x4c ./drivers/fsl_clock.o
                0x0000000000000bcc                CLOCK_SetSimConfig
 .text.CLOCK_GetFllFreq
                0x0000000000000c18       0x4c ./drivers/fsl_clock.o
                0x0000000000000c18                CLOCK_GetFllFreq
 .text.CLOCK_GetPll0Freq
                0x0000000000000c64       0x34 ./drivers/fsl_clock.o
                0x0000000000000c64                CLOCK_GetPll0Freq
 .text.CLOCK_GetPllFllSelClkFreq
                0x0000000000000c98       0x24 ./drivers/fsl_clock.o
                0x0000000000000c98                CLOCK_GetPllFllSelClkFreq
 .text.CLOCK_SetInternalRefClkConfig
                0x0000000000000cbc       0x74 ./drivers/fsl_clock.o
                0x0000000000000cbc                CLOCK_SetInternalRefClkConfig
 .text.CLOCK_EnablePll0
                0x0000000000000d30       0x30 ./drivers/fsl_clock.o
                0x0000000000000d30                CLOCK_EnablePll0
 .text.CLOCK_InitOsc0
                0x0000000000000d60       0x68 ./drivers/fsl_clock.o
                0x0000000000000d60                CLOCK_InitOsc0
 .text.CLOCK_SetPbeMode
                0x0000000000000dc8       0x50 ./drivers/fsl_clock.o
                0x0000000000000dc8                CLOCK_SetPbeMode
 .text.CLOCK_BootToPeeMode
                0x0000000000000e18       0x2c ./drivers/fsl_clock.o
                0x0000000000000e18                CLOCK_BootToPeeMode
 .text.LPSCI_Init
                0x0000000000000e44      0x12c ./drivers/fsl_lpsci.o
                0x0000000000000e44                LPSCI_Init
 .text.LPSCI_ClearStatusFlags
                0x0000000000000f70       0x54 ./drivers/fsl_lpsci.o
                0x0000000000000f70                LPSCI_ClearStatusFlags
 .text.LPSCI_ReadBlocking
                0x0000000000000fc4       0x78 ./drivers/fsl_lpsci.o
                0x0000000000000fc4                LPSCI_ReadBlocking
 .text.UART0_DriverIRQHandler
                0x000000000000103c       0x1c ./drivers/fsl_lpsci.o
                0x000000000000103c                UART0_DriverIRQHandler
 .text.SPI_CommonIRQHandler
                0x0000000000001058       0x28 ./drivers/fsl_spi.o
 .text.SPI0_DriverIRQHandler
                0x0000000000001080       0x10 ./drivers/fsl_spi.o
                0x0000000000001080                SPI0_DriverIRQHandler
 .text.SPI1_DriverIRQHandler
                0x0000000000001090       0x10 ./drivers/fsl_spi.o
                0x0000000000001090                SPI1_DriverIRQHandler
 .text.UART_GetInstance
                0x00000000000010a0       0x24 ./drivers/fsl_uart.o
                0x00000000000010a0                UART_GetInstance
 .text.UART_Init
                0x00000000000010c4       0xe4 ./drivers/fsl_uart.o
                0x00000000000010c4                UART_Init
 .text.UART_ReadBlocking
                0x00000000000011a8       0x60 ./drivers/fsl_uart.o
                0x00000000000011a8                UART_ReadBlocking
 .text.UART1_DriverIRQHandler
                0x0000000000001208       0x1c ./drivers/fsl_uart.o
                0x0000000000001208                UART1_DriverIRQHandler
 .text.UART2_DriverIRQHandler
                0x0000000000001224       0x1c ./drivers/fsl_uart.o
                0x0000000000001224                UART2_DriverIRQHandler
 .text.BOARD_InitDebugConsole
                0x0000000000001240       0x38 ./board/board.o
                0x0000000000001240                BOARD_InitDebugConsole
 .text.BOARD_BootClockRUN
                0x0000000000001278       0x70 ./board/clock_config.o
                0x0000000000001278                BOARD_BootClockRUN
 .text.BOARD_InitPins
                0x00000000000012e8       0x44 ./board/pin_mux.o
                0x00000000000012e8                BOARD_InitPins
 .text.SystemInit
                0x000000000000132c       0x10 ./CMSIS/system_MKL25Z4.o
                0x000000000000132c                SystemInit
 .text._initio  0x000000000000133c       0x7c /usr/local/mcuxpressoide-11.2.0_4120/ide/plugins/com.nxp.mcuxpresso.tools.linux_11.2.0.202001021529/tools/bin/../lib/gcc/arm-none-eabi/9.2.1/../../../../arm-none-eabi/lib/thumb/v6-m/nofp/libcr_c.a(initio.o)
                0x000000000000133c                _initio
 .text.setvbuf  0x00000000000013b8       0x4c /usr/local/mcuxpressoide-11.2.0_4120/ide/plugins/com.nxp.mcuxpresso.tools.linux_11.2.0.202001021529/tools/bin/../lib/gcc/arm-none-eabi/9.2.1/../../../../arm-none-eabi/lib/thumb/v6-m/nofp/libcr_c.a(setvbuf.o)
                0x00000000000013b8                setvbuf
 .text.strlen   0x0000000000001404       0x58 /usr/local/mcuxpressoide-11.2.0_4120/ide/plugins/com.nxp.mcuxpresso.tools.linux_11.2.0.202001021529/tools/bin/../lib/gcc/arm-none-eabi/9.2.1/../../../../arm-none-eabi/lib/thumb/v6-m/nofp/libcr_c.a(strlen.o)
                0x0000000000001404                strlen
 .text._fdopen  0x000000000000145c       0x74 /usr/local/mcuxpressoide-11.2.0_4120/ide/plugins/com.nxp.mcuxpresso.tools.linux_11.2.0.202001021529/tools/bin/../lib/gcc/arm-none-eabi/9.2.1/../../../../arm-none-eabi/lib/thumb/v6-m/nofp/libcr_c.a(_fdopen.o)
                0x000000000000145c                _fdopen
 .text.fclose   0x00000000000014d0       0x5c /usr/local/mcuxpressoide-11.2.0_4120/ide/plugins/com.nxp.mcuxpresso.tools.linux_11.2.0.202001021529/tools/bin/../lib/gcc/arm-none-eabi/9.2.1/../../../../arm-none-eabi/lib/thumb/v6-m/nofp/libcr_c.a(fclose.o)
                0x00000000000014d0                fclose
 .text.fflush   0x000000000000152c       0x44 /usr/local/mcuxpressoide-11.2.0_4120/ide/plugins/com.nxp.mcuxpresso.tools.linux_11.2.0.202001021529/tools/bin/../lib/gcc/arm-none-eabi/9.2.1/../../../../arm-none-eabi/lib/thumb/v6-m/nofp/libcr_c.a(fflush.o)
                0x000000000000152c                fflush
 .text.fseek    0x0000000000001570       0xf4 /usr/local/mcuxpressoide-11.2.0_4120/ide/plugins/com.nxp.mcuxpresso.tools.linux_11.2.0.202001021529/tools/bin/../lib/gcc/arm-none-eabi/9.2.1/../../../../arm-none-eabi/lib/thumb/v6-m/nofp/libcr_c.a(fseek.o)
                0x0000000000001570                fseek
 .text.ftell    0x0000000000001664       0x48 /usr/local/mcuxpressoide-11.2.0_4120/ide/plugins/com.nxp.mcuxpresso.tools.linux_11.2.0.202001021529/tools/bin/../lib/gcc/arm-none-eabi/9.2.1/../../../../arm-none-eabi/lib/thumb/v6-m/nofp/libcr_c.a(ftell.o)
                0x0000000000001664                ftell
 .text._do_fflush
                0x00000000000016ac       0x48 /usr/local/mcuxpressoide-11.2.0_4120/ide/plugins/com.nxp.mcuxpresso.tools.linux_11.2.0.202001021529/tools/bin/../lib/gcc/arm-none-eabi/9.2.1/../../../../arm-none-eabi/lib/thumb/v6-m/nofp/libcr_c.a(_do_fflush.o)
                0x00000000000016ac                _do_fflush
 .text._fflush  0x00000000000016f4       0x60 /usr/local/mcuxpressoide-11.2.0_4120/ide/plugins/com.nxp.mcuxpresso.tools.linux_11.2.0.202001021529/tools/bin/../lib/gcc/arm-none-eabi/9.2.1/../../../../arm-none-eabi/lib/thumb/v6-m/nofp/libcr_c.a(_fflush.o)
                0x00000000000016f4                _fflush
 .text._Cwritebuf
                0x0000000000001754       0x68 /usr/local/mcuxpressoide-11.2.0_4120/ide/plugins/com.nxp.mcuxpresso.tools.linux_11.2.0.202001021529/tools/bin/../lib/gcc/arm-none-eabi/9.2.1/../../../../arm-none-eabi/lib/thumb/v6-m/nofp/libcr_c.a(_writebuf.o)
                0x0000000000001754                _Cwritebuf
 .text._deferredlazyseek
                0x00000000000017bc       0x40 /usr/local/mcuxpressoide-11.2.0_4120/ide/plugins/com.nxp.mcuxpresso.tools.linux_11.2.0.202001021529/tools/bin/../lib/gcc/arm-none-eabi/9.2.1/../../../../arm-none-eabi/lib/thumb/v6-m/nofp/libcr_c.a(_deferredlazyseek.o)
                0x00000000000017bc                _deferredlazyseek
 .text.__aeabi_dmul
                0x00000000000017fc      0x184 /usr/local/mcuxpressoide-11.2.0_4120/ide/plugins/com.nxp.mcuxpresso.tools.linux_11.2.0.202001021529/tools/bin/../lib/gcc/arm-none-eabi/9.2.1/thumb/v6-m/nofp/libcr_eabihelpers.a(double.o)
                0x00000000000017fc                __aeabi_dmul
 .text.__aeabi_dsub
                0x0000000000001980      0x1e4 /usr/local/mcuxpressoide-11.2.0_4120/ide/plugins/com.nxp.mcuxpresso.tools.linux_11.2.0.202001021529/tools/bin/../lib/gcc/arm-none-eabi/9.2.1/thumb/v6-m/nofp/libcr_eabihelpers.a(double.o)
                0x0000000000001980                __aeabi_dsub
 .text.__aeabi_dadd
                0x0000000000001b64      0x134 /usr/local/mcuxpressoide-11.2.0_4120/ide/plugins/com.nxp.mcuxpresso.tools.linux_11.2.0.202001021529/tools/bin/../lib/gcc/arm-none-eabi/9.2.1/thumb/v6-m/nofp/libcr_eabihelpers.a(double.o)
                0x0000000000001b64                __aeabi_dadd
 .text.__aeabi_d2iz
                0x0000000000001c98       0x50 /usr/local/mcuxpressoide-11.2.0_4120/ide/plugins/com.nxp.mcuxpresso.tools.linux_11.2.0.202001021529/tools/bin/../lib/gcc/arm-none-eabi/9.2.1/thumb/v6-m/nofp/libcr_eabihelpers.a(double.o)
                0x0000000000001c98                __aeabi_d2iz
 .text.__aeabi_dcmpgt
                0x0000000000001ce8       0x5c /usr/local/mcuxpressoide-11.2.0_4120/ide/plugins/com.nxp.mcuxpresso.tools.linux_11.2.0.202001021529/tools/bin/../lib/gcc/arm-none-eabi/9.2.1/thumb/v6-m/nofp/libcr_eabihelpers.a(double.o)
                0x0000000000001ce8                __aeabi_dcmpgt
 .text.__aeabi_dcmple
                0x0000000000001d44       0x60 /usr/local/mcuxpressoide-11.2.0_4120/ide/plugins/com.nxp.mcuxpresso.tools.linux_11.2.0.202001021529/tools/bin/../lib/gcc/arm-none-eabi/9.2.1/thumb/v6-m/nofp/libcr_eabihelpers.a(double.o)
                0x0000000000001d44                __aeabi_dcmple
 .text.LPSCI_GetDefaultConfig
                0x0000000000001da4        0xc ./drivers/fsl_lpsci.o
                0x0000000000001da4                LPSCI_GetDefaultConfig
 .text.LPSCI_WriteBlocking
                0x0000000000001db0       0x18 ./drivers/fsl_lpsci.o
                0x0000000000001db0                LPSCI_WriteBlocking
 .text.UART_GetDefaultConfig
                0x0000000000001dc8        0xc ./drivers/fsl_uart.o
                0x0000000000001dc8                UART_GetDefaultConfig
 .text.UART_WriteBlocking
                0x0000000000001dd4       0x18 ./drivers/fsl_uart.o
                0x0000000000001dd4                UART_WriteBlocking
 .text.BOARD_InitBootClocks
                0x0000000000001dec        0x8 ./board/clock_config.o
                0x0000000000001dec                BOARD_InitBootClocks
 .text.BOARD_InitBootPeripherals
                0x0000000000001df4        0x2 ./board/peripherals.o
                0x0000000000001df4                BOARD_InitBootPeripherals
 .text.BOARD_InitBootPins
                0x0000000000001df6        0x8 ./board/pin_mux.o
                0x0000000000001df6                BOARD_InitBootPins
 .text.__main   0x0000000000001dfe        0xc /usr/local/mcuxpressoide-11.2.0_4120/ide/plugins/com.nxp.mcuxpresso.tools.linux_11.2.0.202001021529/tools/bin/../lib/gcc/arm-none-eabi/9.2.1/../../../../arm-none-eabi/lib/thumb/v6-m/nofp/libcr_nohost_nf.a(_cr__main.o)
                0x0000000000001dfe                __main
 .text.memset   0x0000000000001e0a        0x8 /usr/local/mcuxpressoide-11.2.0_4120/ide/plugins/com.nxp.mcuxpresso.tools.linux_11.2.0.202001021529/tools/bin/../lib/gcc/arm-none-eabi/9.2.1/../../../../arm-none-eabi/lib/thumb/v6-m/nofp/libcr_c.a(memset.o)
                0x0000000000001e0a                memset
 .text.remove   0x0000000000001e12       0x12 /usr/local/mcuxpressoide-11.2.0_4120/ide/plugins/com.nxp.mcuxpresso.tools.linux_11.2.0.202001021529/tools/bin/../lib/gcc/arm-none-eabi/9.2.1/../../../../arm-none-eabi/lib/thumb/v6-m/nofp/libcr_c.a(remove.o)
                0x0000000000001e12                remove
 .text.free     0x0000000000001e24       0x2c /usr/local/mcuxpressoide-11.2.0_4120/ide/plugins/com.nxp.mcuxpresso.tools.linux_11.2.0.202001021529/tools/bin/../lib/gcc/arm-none-eabi/9.2.1/../../../../arm-none-eabi/lib/thumb/v6-m/nofp/libcr_c.a(alloc.o)
                0x0000000000001e24                free
 .text.__aeabi_division_idivmod
                0x0000000000001e50       0x78 /usr/local/mcuxpressoide-11.2.0_4120/ide/plugins/com.nxp.mcuxpresso.tools.linux_11.2.0.202001021529/tools/bin/../lib/gcc/arm-none-eabi/9.2.1/thumb/v6-m/nofp/libcr_eabihelpers.a(division_32.o)
                0x0000000000001e50                __aeabi_idiv
                0x0000000000001e50                __aeabi_idivmod
                0x0000000000001e56                __aeabi_uidiv
                0x0000000000001e56                __aeabi_uidivmod
 .text.__aeabi_division_idiv0
                0x0000000000001ec8        0x2 /usr/local/mcuxpressoide-11.2.0_4120/ide/plugins/com.nxp.mcuxpresso.tools.linux_11.2.0.202001021529/tools/bin/../lib/gcc/arm-none-eabi/9.2.1/thumb/v6-m/nofp/libcr_eabihelpers.a(division_idiv0.o)
                0x0000000000001ec8                __aeabi_idiv0
 .text.__bhs_ui2d
                0x0000000000001eca       0x5e /usr/local/mcuxpressoide-11.2.0_4120/ide/plugins/com.nxp.mcuxpresso.tools.linux_11.2.0.202001021529/tools/bin/../lib/gcc/arm-none-eabi/9.2.1/thumb/v6-m/nofp/libcr_eabihelpers.a(double.o)
                0x0000000000001eca                __bhs_ui2d
 .text.__aeabi_i2d
                0x0000000000001f28       0x18 /usr/local/mcuxpressoide-11.2.0_4120/ide/plugins/com.nxp.mcuxpresso.tools.linux_11.2.0.202001021529/tools/bin/../lib/gcc/arm-none-eabi/9.2.1/thumb/v6-m/nofp/libcr_eabihelpers.a(double.o)
                0x0000000000001f28                __aeabi_i2d
 .text.__aeabi_llong_lmul
                0x0000000000001f40       0x2e /usr/local/mcuxpressoide-11.2.0_4120/ide/plugins/com.nxp.mcuxpresso.tools.linux_11.2.0.202001021529/tools/bin/../lib/gcc/arm-none-eabi/9.2.1/thumb/v6-m/nofp/libcr_eabihelpers.a(llong.o)
                0x0000000000001f40                __aeabi_lmul
 .text.__aeabi_memset_lowlevel
                0x0000000000001f6e       0x2a /usr/local/mcuxpressoide-11.2.0_4120/ide/plugins/com.nxp.mcuxpresso.tools.linux_11.2.0.202001021529/tools/bin/../lib/gcc/arm-none-eabi/9.2.1/thumb/v6-m/nofp/libcr_eabihelpers.a(memcpy.o)
                0x0000000000001f6e                __aeabi_lowlevel_memset
 .text.__gnu_thumb1_case_uhi
                0x0000000000001f98       0x10 /usr/local/mcuxpressoide-11.2.0_4120/ide/plugins/com.nxp.mcuxpresso.tools.linux_11.2.0.202001021529/tools/bin/../lib/gcc/arm-none-eabi/9.2.1/thumb/v6-m/nofp/libcr_eabihelpers.a(thumb1_switch_helpers.o)
                0x0000000000001f98                __gnu_thumb1_case_uhi
 .text.__sys_close
                0x0000000000001fa8        0x6 /usr/local/mcuxpressoide-11.2.0_4120/ide/plugins/com.nxp.mcuxpresso.tools.linux_11.2.0.202001021529/tools/bin/../lib/gcc/arm-none-eabi/9.2.1/../../../../arm-none-eabi/lib/thumb/v6-m/nofp/libcr_nohost_nf.a(__sys_close.o)
                0x0000000000001fa8                __sys_close
 .text.__sys_flen
                0x0000000000001fae        0x6 /usr/local/mcuxpressoide-11.2.0_4120/ide/plugins/com.nxp.mcuxpresso.tools.linux_11.2.0.202001021529/tools/bin/../lib/gcc/arm-none-eabi/9.2.1/../../../../arm-none-eabi/lib/thumb/v6-m/nofp/libcr_nohost_nf.a(__sys_flen.o)
                0x0000000000001fae                __sys_flen
 .text.__sys_istty
                0x0000000000001fb4        0x6 /usr/local/mcuxpressoide-11.2.0_4120/ide/plugins/com.nxp.mcuxpresso.tools.linux_11.2.0.202001021529/tools/bin/../lib/gcc/arm-none-eabi/9.2.1/../../../../arm-none-eabi/lib/thumb/v6-m/nofp/libcr_nohost_nf.a(__sys_istty.o)
                0x0000000000001fb4                __sys_istty
 .text.__sys_remove
                0x0000000000001fba        0x6 /usr/local/mcuxpressoide-11.2.0_4120/ide/plugins/com.nxp.mcuxpresso.tools.linux_11.2.0.202001021529/tools/bin/../lib/gcc/arm-none-eabi/9.2.1/../../../../arm-none-eabi/lib/thumb/v6-m/nofp/libcr_nohost_nf.a(__sys_remove.o)
                0x0000000000001fba                __sys_remove
 .text.__sys_seek
                0x0000000000001fc0        0x6 /usr/local/mcuxpressoide-11.2.0_4120/ide/plugins/com.nxp.mcuxpresso.tools.linux_11.2.0.202001021529/tools/bin/../lib/gcc/arm-none-eabi/9.2.1/../../../../arm-none-eabi/lib/thumb/v6-m/nofp/libcr_nohost_nf.a(__sys_seek.o)
                0x0000000000001fc0                __sys_seek
 .text.__sys_tmpnam
                0x0000000000001fc6        0x6 /usr/local/mcuxpressoide-11.2.0_4120/ide/plugins/com.nxp.mcuxpresso.tools.linux_11.2.0.202001021529/tools/bin/../lib/gcc/arm-none-eabi/9.2.1/../../../../arm-none-eabi/lib/thumb/v6-m/nofp/libcr_nohost_nf.a(__sys_tmpnam.o)
                0x0000000000001fc6                __sys_tmpnam
 .text.__sys_write
                0x0000000000001fcc        0x4 /usr/local/mcuxpressoide-11.2.0_4120/ide/plugins/com.nxp.mcuxpresso.tools.linux_11.2.0.202001021529/tools/bin/../lib/gcc/arm-none-eabi/9.2.1/../../../../arm-none-eabi/lib/thumb/v6-m/nofp/libcr_nohost_nf.a(__sys_write.o)
                0x0000000000001fcc                __sys_write
 *(SORT_BY_ALIGNMENT(.rodata) SORT_BY_ALIGNMENT(.rodata.*) SORT_BY_ALIGNMENT(.constdata) SORT_BY_ALIGNMENT(.constdata.*))
 .rodata.s_uartClock
                0x0000000000001fd0        0xc ./drivers/fsl_uart.o
 .rodata.oscConfig_BOARD_BootClockRUN
                0x0000000000001fdc        0x8 ./board/clock_config.o
                0x0000000000001fdc                oscConfig_BOARD_BootClockRUN
 .rodata.simConfig_BOARD_BootClockRUN
                0x0000000000001fe4        0x8 ./board/clock_config.o
                0x0000000000001fe4                simConfig_BOARD_BootClockRUN
 .rodata.__num_Ciob_streams
                0x0000000000001fec        0x4 /usr/local/mcuxpressoide-11.2.0_4120/ide/plugins/com.nxp.mcuxpresso.tools.linux_11.2.0.202001021529/tools/bin/../lib/gcc/arm-none-eabi/9.2.1/../../../../arm-none-eabi/lib/thumb/v6-m/nofp/libcr_nohost_nf.a(__ciob.o)
                0x0000000000001fec                __num_Ciob_streams
 .rodata.fllFactorTable.5210
                0x0000000000001ff0       0x10 ./drivers/fsl_clock.o
 .rodata.mcgConfig_BOARD_BootClockRUN
                0x0000000000002000        0xa ./board/clock_config.o
                0x0000000000002000                mcgConfig_BOARD_BootClockRUN
 .rodata._initio.str1.1
                0x000000000000200a        0x4 /usr/local/mcuxpressoide-11.2.0_4120/ide/plugins/com.nxp.mcuxpresso.tools.linux_11.2.0.202001021529/tools/bin/../lib/gcc/arm-none-eabi/9.2.1/../../../../arm-none-eabi/lib/thumb/v6-m/nofp/libcr_c.a(initio.o)
                0x0000000000002010                . = ALIGN (0x4)
 *fill*         0x000000000000200e        0x2 ff

.glue_7         0x0000000000002010        0x0
 .glue_7        0x0000000000002010        0x0 linker stubs

.glue_7t        0x0000000000002010        0x0
 .glue_7t       0x0000000000002010        0x0 linker stubs

.vfp11_veneer   0x0000000000002010        0x0
 .vfp11_veneer  0x0000000000002010        0x0 linker stubs

.v4_bx          0x0000000000002010        0x0
 .v4_bx         0x0000000000002010        0x0 linker stubs

.iplt           0x0000000000002010        0x0
 .iplt          0x0000000000002010        0x0 ./utilities/fsl_debug_console.o

.rel.dyn        0x0000000000002010        0x0
 .rel.iplt      0x0000000000002010        0x0 ./utilities/fsl_debug_console.o

.ARM.extab
 *(SORT_BY_ALIGNMENT(.ARM.extab*) SORT_BY_ALIGNMENT(.gnu.linkonce.armextab.*))

.ARM.exidx      0x0000000000002010        0x0
                0x0000000000002010                __exidx_start = .
 *(SORT_BY_ALIGNMENT(.ARM.exidx*) SORT_BY_ALIGNMENT(.gnu.linkonce.armexidx.*))
                0x0000000000002010                __exidx_end = .
                0x0000000000002010                _etext = .

.m_usb_data
 *(SORT_BY_ALIGNMENT(m_usb_bdt))

.mtb_buffer_default
                0x000000001ffff000       0x80
 *(SORT_BY_ALIGNMENT(.mtb*))
 .mtb.$RAM1     0x000000001ffff000       0x80 ./source/mtb.o
                0x000000001ffff000                __mtb_buffer__

.uninit_RESERVED
                0x000000001ffff080        0x0
                0x000000001ffff080                _start_uninit_RESERVED = .
 *(SORT_BY_ALIGNMENT(.bss.$RESERVED*))
                0x000000001ffff080                . = ALIGN (0x4)
                0x000000001ffff080                _end_uninit_RESERVED = .

.data           0x000000001ffff080       0x3c load address 0x0000000000002010
 FILL mask 0xff
                0x000000001ffff080                _data = .
                [!provide]                        PROVIDE (__start_data_RAM = .)
                [!provide]                        PROVIDE (__start_data_SRAM = .)
 *(SORT_BY_ALIGNMENT(vtable))
 *(SORT_BY_ALIGNMENT(.ramfunc*))
 *(SORT_BY_ALIGNMENT(CodeQuickAccess))
 *(SORT_BY_ALIGNMENT(DataQuickAccess))
 *(SORT_BY_ALIGNMENT(RamFunction))
 *(SORT_BY_ALIGNMENT(.data*))
 .data.traffic_light_t
                0x000000001ffff080       0x34 ./source/statemachine.o
                0x000000001ffff080                traffic_light_t
 .data.s_slowIrcFreq
                0x000000001ffff0b4        0x4 ./drivers/fsl_clock.o
 .data.SystemCoreClock
                0x000000001ffff0b8        0x4 ./CMSIS/system_MKL25Z4.o
                0x000000001ffff0b8                SystemCoreClock
                0x000000001ffff0bc                . = ALIGN (0x4)
                0x000000001ffff0bc                _edata = .
                [!provide]                        PROVIDE (__end_data_RAM = .)
                [!provide]                        PROVIDE (__end_data_SRAM = .)

.igot.plt       0x000000001ffff0bc        0x0 load address 0x000000000000204c
 .igot.plt      0x000000001ffff0bc        0x0 ./utilities/fsl_debug_console.o

.bss            0x000000001ffff0c0      0x110
                0x000000001ffff0c0                _bss = .
                [!provide]                        PROVIDE (__start_bss_RAM = .)
                [!provide]                        PROVIDE (__start_bss_SRAM = .)
 *(SORT_BY_ALIGNMENT(.bss*))
 .bss.val       0x000000001ffff0c0        0x8 ./source/statemachine.o
                0x000000001ffff0c0                val
 .bss.s_debugConsole
                0x000000001ffff0c8       0x10 ./utilities/fsl_debug_console.o
 .bss.flag_Switch
                0x000000001ffff0d8        0x4 ./source/statemachine.o
                0x000000001ffff0d8                flag_Switch
 .bss.Timer_U32
                0x000000001ffff0dc        0x4 ./source/temp_systick.o
                0x000000001ffff0dc                Timer_U32
 .bss.g_program_start
                0x000000001ffff0e0        0x4 ./source/temp_systick.o
                0x000000001ffff0e0                g_program_start
 .bss.g_timer_start
                0x000000001ffff0e4        0x4 ./source/temp_systick.o
                0x000000001ffff0e4                g_timer_start
 .bss.trans_tick
                0x000000001ffff0e8        0x4 ./source/temp_systick.o
                0x000000001ffff0e8                trans_tick
 .bss.g_xtal0Freq
                0x000000001ffff0ec        0x4 ./drivers/fsl_clock.o
                0x000000001ffff0ec                g_xtal0Freq
 .bss.s_lpsciHandle
                0x000000001ffff0f0        0x4 ./drivers/fsl_lpsci.o
 .bss.s_lpsciIsr
                0x000000001ffff0f4        0x4 ./drivers/fsl_lpsci.o
 .bss.s_spiHandle
                0x000000001ffff0f8        0x8 ./drivers/fsl_spi.o
 .bss.s_spiMasterIsr
                0x000000001ffff100        0x4 ./drivers/fsl_spi.o
 .bss.s_spiSlaveIsr
                0x000000001ffff104        0x4 ./drivers/fsl_spi.o
 .bss.s_uartHandle
                0x000000001ffff108        0xc ./drivers/fsl_uart.o
 .bss.s_uartIsr
                0x000000001ffff114        0x4 ./drivers/fsl_uart.o
 .bss.errno     0x000000001ffff118        0x4 /usr/local/mcuxpressoide-11.2.0_4120/ide/plugins/com.nxp.mcuxpresso.tools.linux_11.2.0.202001021529/tools/bin/../lib/gcc/arm-none-eabi/9.2.1/../../../../arm-none-eabi/lib/thumb/v6-m/nofp/libcr_c.a(errno.o)
                0x000000001ffff118                errno
 .bss.__Ciob    0x000000001ffff11c       0xb4 /usr/local/mcuxpressoide-11.2.0_4120/ide/plugins/com.nxp.mcuxpresso.tools.linux_11.2.0.202001021529/tools/bin/../lib/gcc/arm-none-eabi/9.2.1/../../../../arm-none-eabi/lib/thumb/v6-m/nofp/libcr_nohost_nf.a(__ciob.o)
                0x000000001ffff11c                __Ciob
 *(SORT_BY_ALIGNMENT(COMMON))
                0x000000001ffff1d0                . = ALIGN (0x4)
                0x000000001ffff1d0                _ebss = .
                [!provide]                        PROVIDE (__end_bss_RAM = .)
                [!provide]                        PROVIDE (__end_bss_SRAM = .)
                [!provide]                        PROVIDE (end = .)

.noinit         0x000000001ffff1d0        0x0
                0x000000001ffff1d0                _noinit = .
                [!provide]                        PROVIDE (__start_noinit_RAM = .)
                [!provide]                        PROVIDE (__start_noinit_SRAM = .)
 *(SORT_BY_ALIGNMENT(.noinit*))
                0x000000001ffff1d0                . = ALIGN (0x4)
                0x000000001ffff1d0                _end_noinit = .
                [!provide]                        PROVIDE (__end_noinit_RAM = .)
                [!provide]                        PROVIDE (__end_noinit_SRAM = .)
                0x0000000000000400                _HeapSize = 0x400

.heap           0x000000001ffff1d0      0x400
                0x000000001ffff1d0                _pvHeapStart = .
                0x000000001ffff5d0                . = (. + _HeapSize)
 *fill*         0x000000001ffff1d0      0x400 
                0x000000001ffff5d0                . = ALIGN (0x4)
                0x000000001ffff5d0                _pvHeapLimit = .
                0x0000000000000400                _StackSize = 0x400

.heap2stackfill
                0x000000001ffff5d0      0x400
                0x000000001ffff9d0                . = (. + _StackSize)
 *fill*         0x000000001ffff5d0      0x400 

.stack          0x0000000020002c00        0x0
                0x0000000020002c00                _vStackBase = .
                0x0000000020002c00                . = ALIGN (0x4)
                0x0000000020003000                _vStackTop = (. + _StackSize)
                0x0000000000000000                _image_start = LOADADDR (.text)
                0x000000000000204c                _image_end = (LOADADDR (.data) + SIZEOF (.data))
                0x000000000000204c                _image_size = (_image_end - _image_start)
OUTPUT(Assignment_4_Buffaiti.axf elf32-littlearm)

.debug_info     0x0000000000000000     0xd71f
 .debug_info    0x0000000000000000     0x16ff ./utilities/fsl_debug_console.o
 .debug_info    0x00000000000016ff      0x69d ./startup/startup_mkl25z4.o
 .debug_info    0x0000000000001d9c      0x63b ./source/Assignment_4_Buffaiti.o
 .debug_info    0x00000000000023d7      0x4cd ./source/cap_sensor.o
 .debug_info    0x00000000000028a4      0x5de ./source/led.o
 .debug_info    0x0000000000002e82       0x4f ./source/mtb.o
 .debug_info    0x0000000000002ed1       0x38 ./source/semihost_hardfault.o
 .debug_info    0x0000000000002f09      0xadb ./source/statemachine.o
 .debug_info    0x00000000000039e4      0x5e1 ./source/switch.o
 .debug_info    0x0000000000003fc5      0x882 ./source/temp_systick.o
 .debug_info    0x0000000000004847     0x206b ./drivers/fsl_clock.o
 .debug_info    0x00000000000068b2     0x1b35 ./drivers/fsl_lpsci.o
 .debug_info    0x00000000000083e7     0x19ec ./drivers/fsl_spi.o
 .debug_info    0x0000000000009dd3     0x1aac ./drivers/fsl_uart.o
 .debug_info    0x000000000000b87f      0x758 ./board/board.o
 .debug_info    0x000000000000bfd7      0xc94 ./board/clock_config.o
 .debug_info    0x000000000000cc6b       0x38 ./board/peripherals.o
 .debug_info    0x000000000000cca3      0x63d ./board/pin_mux.o
 .debug_info    0x000000000000d2e0      0x43f ./CMSIS/system_MKL25Z4.o

.debug_abbrev   0x0000000000000000     0x2c94
 .debug_abbrev  0x0000000000000000      0x3ec ./utilities/fsl_debug_console.o
 .debug_abbrev  0x00000000000003ec      0x155 ./startup/startup_mkl25z4.o
 .debug_abbrev  0x0000000000000541      0x17e ./source/Assignment_4_Buffaiti.o
 .debug_abbrev  0x00000000000006bf      0x16d ./source/cap_sensor.o
 .debug_abbrev  0x000000000000082c      0x17d ./source/led.o
 .debug_abbrev  0x00000000000009a9       0x43 ./source/mtb.o
 .debug_abbrev  0x00000000000009ec       0x2e ./source/semihost_hardfault.o
 .debug_abbrev  0x0000000000000a1a      0x297 ./source/statemachine.o
 .debug_abbrev  0x0000000000000cb1      0x1f6 ./source/switch.o
 .debug_abbrev  0x0000000000000ea7      0x2ab ./source/temp_systick.o
 .debug_abbrev  0x0000000000001152      0x4eb ./drivers/fsl_clock.o
 .debug_abbrev  0x000000000000163d      0x4a7 ./drivers/fsl_lpsci.o
 .debug_abbrev  0x0000000000001ae4      0x4ee ./drivers/fsl_spi.o
 .debug_abbrev  0x0000000000001fd2      0x4a1 ./drivers/fsl_uart.o
 .debug_abbrev  0x0000000000002473      0x1e8 ./board/board.o
 .debug_abbrev  0x000000000000265b      0x2bb ./board/clock_config.o
 .debug_abbrev  0x0000000000002916       0x2e ./board/peripherals.o
 .debug_abbrev  0x0000000000002944      0x1fa ./board/pin_mux.o
 .debug_abbrev  0x0000000000002b3e      0x156 ./CMSIS/system_MKL25Z4.o

.debug_loc      0x0000000000000000     0x722f
 .debug_loc     0x0000000000000000     0x1c79 ./utilities/fsl_debug_console.o
 .debug_loc     0x0000000000001c79      0x234 ./startup/startup_mkl25z4.o
 .debug_loc     0x0000000000001ead       0x56 ./source/cap_sensor.o
 .debug_loc     0x0000000000001f03       0xae ./source/led.o
 .debug_loc     0x0000000000001fb1      0x861 ./source/statemachine.o
 .debug_loc     0x0000000000002812       0x58 ./source/switch.o
 .debug_loc     0x000000000000286a       0x70 ./source/temp_systick.o
 .debug_loc     0x00000000000028da     0x13f0 ./drivers/fsl_clock.o
 .debug_loc     0x0000000000003cca     0x1302 ./drivers/fsl_lpsci.o
 .debug_loc     0x0000000000004fcc      0xe18 ./drivers/fsl_spi.o
 .debug_loc     0x0000000000005de4     0x1235 ./drivers/fsl_uart.o
 .debug_loc     0x0000000000007019       0x38 ./board/board.o
 .debug_loc     0x0000000000007051       0x7b ./board/clock_config.o
 .debug_loc     0x00000000000070cc       0xaa ./board/pin_mux.o
 .debug_loc     0x0000000000007176       0xb9 ./CMSIS/system_MKL25Z4.o

.debug_aranges  0x0000000000000000      0x800
 .debug_aranges
                0x0000000000000000       0x50 ./utilities/fsl_debug_console.o
 .debug_aranges
                0x0000000000000050      0x160 ./startup/startup_mkl25z4.o
 .debug_aranges
                0x00000000000001b0       0x20 ./source/Assignment_4_Buffaiti.o
 .debug_aranges
                0x00000000000001d0       0x28 ./source/cap_sensor.o
 .debug_aranges
                0x00000000000001f8       0x28 ./source/led.o
 .debug_aranges
                0x0000000000000220       0x18 ./source/mtb.o
 .debug_aranges
                0x0000000000000238       0x20 ./source/semihost_hardfault.o
 .debug_aranges
                0x0000000000000258       0x38 ./source/statemachine.o
 .debug_aranges
                0x0000000000000290       0x28 ./source/switch.o
 .debug_aranges
                0x00000000000002b8       0x48 ./source/temp_systick.o
 .debug_aranges
                0x0000000000000300      0x170 ./drivers/fsl_clock.o
 .debug_aranges
                0x0000000000000470       0xe0 ./drivers/fsl_lpsci.o
 .debug_aranges
                0x0000000000000550       0xf8 ./drivers/fsl_spi.o
 .debug_aranges
                0x0000000000000648       0xf8 ./drivers/fsl_uart.o
 .debug_aranges
                0x0000000000000740       0x20 ./board/board.o
 .debug_aranges
                0x0000000000000760       0x30 ./board/clock_config.o
 .debug_aranges
                0x0000000000000790       0x20 ./board/peripherals.o
 .debug_aranges
                0x00000000000007b0       0x28 ./board/pin_mux.o
 .debug_aranges
                0x00000000000007d8       0x28 ./CMSIS/system_MKL25Z4.o

.debug_ranges   0x0000000000000000      0xc18
 .debug_ranges  0x0000000000000000      0x190 ./utilities/fsl_debug_console.o
 .debug_ranges  0x0000000000000190      0x150 ./startup/startup_mkl25z4.o
 .debug_ranges  0x00000000000002e0       0x10 ./source/Assignment_4_Buffaiti.o
 .debug_ranges  0x00000000000002f0       0x18 ./source/cap_sensor.o
 .debug_ranges  0x0000000000000308       0x18 ./source/led.o
 .debug_ranges  0x0000000000000320       0x10 ./source/semihost_hardfault.o
 .debug_ranges  0x0000000000000330       0x28 ./source/statemachine.o
 .debug_ranges  0x0000000000000358       0x38 ./source/switch.o
 .debug_ranges  0x0000000000000390       0x58 ./source/temp_systick.o
 .debug_ranges  0x00000000000003e8      0x2b8 ./drivers/fsl_clock.o
 .debug_ranges  0x00000000000006a0      0x130 ./drivers/fsl_lpsci.o
 .debug_ranges  0x00000000000007d0      0x1a0 ./drivers/fsl_spi.o
 .debug_ranges  0x0000000000000970      0x148 ./drivers/fsl_uart.o
 .debug_ranges  0x0000000000000ab8       0x28 ./board/board.o
 .debug_ranges  0x0000000000000ae0       0xa8 ./board/clock_config.o
 .debug_ranges  0x0000000000000b88       0x10 ./board/peripherals.o
 .debug_ranges  0x0000000000000b98       0x68 ./board/pin_mux.o
 .debug_ranges  0x0000000000000c00       0x18 ./CMSIS/system_MKL25Z4.o

.debug_line     0x0000000000000000     0x7ced
 .debug_line    0x0000000000000000      0xf2d ./utilities/fsl_debug_console.o
 .debug_line    0x0000000000000f2d      0x3cb ./startup/startup_mkl25z4.o
 .debug_line    0x00000000000012f8      0x313 ./source/Assignment_4_Buffaiti.o
 .debug_line    0x000000000000160b      0x2ac ./source/cap_sensor.o
 .debug_line    0x00000000000018b7      0x345 ./source/led.o
 .debug_line    0x0000000000001bfc       0x30 ./source/mtb.o
 .debug_line    0x0000000000001c2c       0x5a ./source/semihost_hardfault.o
 .debug_line    0x0000000000001c86      0x655 ./source/statemachine.o
 .debug_line    0x00000000000022db      0x326 ./source/switch.o
 .debug_line    0x0000000000002601      0x3fb ./source/temp_systick.o
 .debug_line    0x00000000000029fc     0x1904 ./drivers/fsl_clock.o
 .debug_line    0x0000000000004300     0x103f ./drivers/fsl_lpsci.o
 .debug_line    0x000000000000533f      0xd66 ./drivers/fsl_spi.o
 .debug_line    0x00000000000060a5     0x1014 ./drivers/fsl_uart.o
 .debug_line    0x00000000000070b9      0x29e ./board/board.o
 .debug_line    0x0000000000007357      0x380 ./board/clock_config.o
 .debug_line    0x00000000000076d7       0x4b ./board/peripherals.o
 .debug_line    0x0000000000007722      0x2bc ./board/pin_mux.o
 .debug_line    0x00000000000079de      0x30f ./CMSIS/system_MKL25Z4.o

.debug_str      0x0000000000000000     0x460e
 .debug_str     0x0000000000000000      0xd8a ./utilities/fsl_debug_console.o
                                        0xe0e (size before relaxing)
 .debug_str     0x0000000000000d8a      0x3a6 ./startup/startup_mkl25z4.o
                                        0x4d8 (size before relaxing)
 .debug_str     0x0000000000001130      0x4cb ./source/Assignment_4_Buffaiti.o
                                        0x705 (size before relaxing)
 .debug_str     0x00000000000015fb      0x127 ./source/cap_sensor.o
                                        0x3f3 (size before relaxing)
 .debug_str     0x0000000000001722       0x68 ./source/led.o
                                        0x406 (size before relaxing)
 .debug_str     0x000000000000178a       0x1f ./source/mtb.o
                                        0x150 (size before relaxing)
 .debug_str     0x00000000000017a9       0x1f ./source/semihost_hardfault.o
                                        0x150 (size before relaxing)
 .debug_str     0x00000000000017c8      0x155 ./source/statemachine.o
                                        0x91c (size before relaxing)
 .debug_str     0x000000000000191d      0x2c4 ./source/switch.o
                                        0x52d (size before relaxing)
 .debug_str     0x0000000000001be1       0x65 ./source/temp_systick.o
                                        0xa83 (size before relaxing)
 .debug_str     0x0000000000001c46      0xd06 ./drivers/fsl_clock.o
                                       0x17f1 (size before relaxing)
 .debug_str     0x000000000000294c      0x948 ./drivers/fsl_lpsci.o
                                       0x15c0 (size before relaxing)
 .debug_str     0x0000000000003294      0x78c ./drivers/fsl_spi.o
                                       0x1370 (size before relaxing)
 .debug_str     0x0000000000003a20      0x7ed ./drivers/fsl_uart.o
                                       0x15cc (size before relaxing)
 .debug_str     0x000000000000420d       0x35 ./board/board.o
                                        0x6c4 (size before relaxing)
 .debug_str     0x0000000000004242      0x237 ./board/clock_config.o
                                        0xe56 (size before relaxing)
 .debug_str     0x0000000000004479       0x17 ./board/peripherals.o
                                        0x150 (size before relaxing)
 .debug_str     0x0000000000004490      0x13a ./board/pin_mux.o
                                        0x5e1 (size before relaxing)
 .debug_str     0x00000000000045ca       0x44 ./CMSIS/system_MKL25Z4.o
                                        0x332 (size before relaxing)

.comment        0x0000000000000000       0x79
 .comment       0x0000000000000000       0x79 ./utilities/fsl_debug_console.o
                                         0x7a (size before relaxing)
 .comment       0x0000000000000079       0x7a ./startup/startup_mkl25z4.o
 .comment       0x0000000000000079       0x7a ./source/Assignment_4_Buffaiti.o
 .comment       0x0000000000000079       0x7a ./source/cap_sensor.o
 .comment       0x0000000000000079       0x7a ./source/led.o
 .comment       0x0000000000000079       0x7a ./source/mtb.o
 .comment       0x0000000000000079       0x7a ./source/semihost_hardfault.o
 .comment       0x0000000000000079       0x7a ./source/statemachine.o
 .comment       0x0000000000000079       0x7a ./source/switch.o
 .comment       0x0000000000000079       0x7a ./source/temp_systick.o
 .comment       0x0000000000000079       0x7a ./drivers/fsl_clock.o
 .comment       0x0000000000000079       0x7a ./drivers/fsl_lpsci.o
 .comment       0x0000000000000079       0x7a ./drivers/fsl_spi.o
 .comment       0x0000000000000079       0x7a ./drivers/fsl_uart.o
 .comment       0x0000000000000079       0x7a ./board/board.o
 .comment       0x0000000000000079       0x7a ./board/clock_config.o
 .comment       0x0000000000000079       0x7a ./board/peripherals.o
 .comment       0x0000000000000079       0x7a ./board/pin_mux.o
 .comment       0x0000000000000079       0x7a ./CMSIS/system_MKL25Z4.o
 .comment       0x0000000000000079       0x7a /usr/local/mcuxpressoide-11.2.0_4120/ide/plugins/com.nxp.mcuxpresso.tools.linux_11.2.0.202001021529/tools/bin/../lib/gcc/arm-none-eabi/9.2.1/../../../../arm-none-eabi/lib/thumb/v6-m/nofp/libcr_nohost_nf.a(_cr__main.o)
 .comment       0x0000000000000079       0x7a /usr/local/mcuxpressoide-11.2.0_4120/ide/plugins/com.nxp.mcuxpresso.tools.linux_11.2.0.202001021529/tools/bin/../lib/gcc/arm-none-eabi/9.2.1/../../../../arm-none-eabi/lib/thumb/v6-m/nofp/libcr_c.a(memset.o)
 .comment       0x0000000000000079       0x7a /usr/local/mcuxpressoide-11.2.0_4120/ide/plugins/com.nxp.mcuxpresso.tools.linux_11.2.0.202001021529/tools/bin/../lib/gcc/arm-none-eabi/9.2.1/../../../../arm-none-eabi/lib/thumb/v6-m/nofp/libcr_c.a(initio.o)
 .comment       0x0000000000000079       0x7a /usr/local/mcuxpressoide-11.2.0_4120/ide/plugins/com.nxp.mcuxpresso.tools.linux_11.2.0.202001021529/tools/bin/../lib/gcc/arm-none-eabi/9.2.1/../../../../arm-none-eabi/lib/thumb/v6-m/nofp/libcr_c.a(setvbuf.o)
 .comment       0x0000000000000079       0x7a /usr/local/mcuxpressoide-11.2.0_4120/ide/plugins/com.nxp.mcuxpresso.tools.linux_11.2.0.202001021529/tools/bin/../lib/gcc/arm-none-eabi/9.2.1/../../../../arm-none-eabi/lib/thumb/v6-m/nofp/libcr_c.a(strlen.o)
 .comment       0x0000000000000079       0x7a /usr/local/mcuxpressoide-11.2.0_4120/ide/plugins/com.nxp.mcuxpresso.tools.linux_11.2.0.202001021529/tools/bin/../lib/gcc/arm-none-eabi/9.2.1/../../../../arm-none-eabi/lib/thumb/v6-m/nofp/libcr_c.a(_fdopen.o)
 .comment       0x0000000000000079       0x7a /usr/local/mcuxpressoide-11.2.0_4120/ide/plugins/com.nxp.mcuxpresso.tools.linux_11.2.0.202001021529/tools/bin/../lib/gcc/arm-none-eabi/9.2.1/../../../../arm-none-eabi/lib/thumb/v6-m/nofp/libcr_c.a(errno.o)
 .comment       0x0000000000000079       0x7a /usr/local/mcuxpressoide-11.2.0_4120/ide/plugins/com.nxp.mcuxpresso.tools.linux_11.2.0.202001021529/tools/bin/../lib/gcc/arm-none-eabi/9.2.1/../../../../arm-none-eabi/lib/thumb/v6-m/nofp/libcr_c.a(fclose.o)
 .comment       0x0000000000000079       0x7a /usr/local/mcuxpressoide-11.2.0_4120/ide/plugins/com.nxp.mcuxpresso.tools.linux_11.2.0.202001021529/tools/bin/../lib/gcc/arm-none-eabi/9.2.1/../../../../arm-none-eabi/lib/thumb/v6-m/nofp/libcr_c.a(fflush.o)
 .comment       0x0000000000000079       0x7a /usr/local/mcuxpressoide-11.2.0_4120/ide/plugins/com.nxp.mcuxpresso.tools.linux_11.2.0.202001021529/tools/bin/../lib/gcc/arm-none-eabi/9.2.1/../../../../arm-none-eabi/lib/thumb/v6-m/nofp/libcr_c.a(fseek.o)
 .comment       0x0000000000000079       0x7a /usr/local/mcuxpressoide-11.2.0_4120/ide/plugins/com.nxp.mcuxpresso.tools.linux_11.2.0.202001021529/tools/bin/../lib/gcc/arm-none-eabi/9.2.1/../../../../arm-none-eabi/lib/thumb/v6-m/nofp/libcr_c.a(ftell.o)
 .comment       0x0000000000000079       0x7a /usr/local/mcuxpressoide-11.2.0_4120/ide/plugins/com.nxp.mcuxpresso.tools.linux_11.2.0.202001021529/tools/bin/../lib/gcc/arm-none-eabi/9.2.1/../../../../arm-none-eabi/lib/thumb/v6-m/nofp/libcr_c.a(remove.o)
 .comment       0x0000000000000079       0x7a /usr/local/mcuxpressoide-11.2.0_4120/ide/plugins/com.nxp.mcuxpresso.tools.linux_11.2.0.202001021529/tools/bin/../lib/gcc/arm-none-eabi/9.2.1/../../../../arm-none-eabi/lib/thumb/v6-m/nofp/libcr_c.a(_do_fflush.o)
 .comment       0x0000000000000079       0x7a /usr/local/mcuxpressoide-11.2.0_4120/ide/plugins/com.nxp.mcuxpresso.tools.linux_11.2.0.202001021529/tools/bin/../lib/gcc/arm-none-eabi/9.2.1/../../../../arm-none-eabi/lib/thumb/v6-m/nofp/libcr_c.a(_fflush.o)
 .comment       0x0000000000000079       0x7a /usr/local/mcuxpressoide-11.2.0_4120/ide/plugins/com.nxp.mcuxpresso.tools.linux_11.2.0.202001021529/tools/bin/../lib/gcc/arm-none-eabi/9.2.1/../../../../arm-none-eabi/lib/thumb/v6-m/nofp/libcr_c.a(_writebuf.o)
 .comment       0x0000000000000079       0x7a /usr/local/mcuxpressoide-11.2.0_4120/ide/plugins/com.nxp.mcuxpresso.tools.linux_11.2.0.202001021529/tools/bin/../lib/gcc/arm-none-eabi/9.2.1/../../../../arm-none-eabi/lib/thumb/v6-m/nofp/libcr_c.a(alloc.o)
 .comment       0x0000000000000079       0x7a /usr/local/mcuxpressoide-11.2.0_4120/ide/plugins/com.nxp.mcuxpresso.tools.linux_11.2.0.202001021529/tools/bin/../lib/gcc/arm-none-eabi/9.2.1/../../../../arm-none-eabi/lib/thumb/v6-m/nofp/libcr_c.a(_deferredlazyseek.o)
 .comment       0x0000000000000079       0x7a /usr/local/mcuxpressoide-11.2.0_4120/ide/plugins/com.nxp.mcuxpresso.tools.linux_11.2.0.202001021529/tools/bin/../lib/gcc/arm-none-eabi/9.2.1/thumb/v6-m/nofp/libcr_eabihelpers.a(double.o)
 .comment       0x0000000000000079       0x7a /usr/local/mcuxpressoide-11.2.0_4120/ide/plugins/com.nxp.mcuxpresso.tools.linux_11.2.0.202001021529/tools/bin/../lib/gcc/arm-none-eabi/9.2.1/../../../../arm-none-eabi/lib/thumb/v6-m/nofp/libcr_nohost_nf.a(__ciob.o)
 .comment       0x0000000000000079       0x7a /usr/local/mcuxpressoide-11.2.0_4120/ide/plugins/com.nxp.mcuxpresso.tools.linux_11.2.0.202001021529/tools/bin/../lib/gcc/arm-none-eabi/9.2.1/../../../../arm-none-eabi/lib/thumb/v6-m/nofp/libcr_nohost_nf.a(__sys_close.o)
 .comment       0x0000000000000079       0x7a /usr/local/mcuxpressoide-11.2.0_4120/ide/plugins/com.nxp.mcuxpresso.tools.linux_11.2.0.202001021529/tools/bin/../lib/gcc/arm-none-eabi/9.2.1/../../../../arm-none-eabi/lib/thumb/v6-m/nofp/libcr_nohost_nf.a(__sys_flen.o)
 .comment       0x0000000000000079       0x7a /usr/local/mcuxpressoide-11.2.0_4120/ide/plugins/com.nxp.mcuxpresso.tools.linux_11.2.0.202001021529/tools/bin/../lib/gcc/arm-none-eabi/9.2.1/../../../../arm-none-eabi/lib/thumb/v6-m/nofp/libcr_nohost_nf.a(__sys_istty.o)
 .comment       0x0000000000000079       0x7a /usr/local/mcuxpressoide-11.2.0_4120/ide/plugins/com.nxp.mcuxpresso.tools.linux_11.2.0.202001021529/tools/bin/../lib/gcc/arm-none-eabi/9.2.1/../../../../arm-none-eabi/lib/thumb/v6-m/nofp/libcr_nohost_nf.a(__sys_remove.o)
 .comment       0x0000000000000079       0x7a /usr/local/mcuxpressoide-11.2.0_4120/ide/plugins/com.nxp.mcuxpresso.tools.linux_11.2.0.202001021529/tools/bin/../lib/gcc/arm-none-eabi/9.2.1/../../../../arm-none-eabi/lib/thumb/v6-m/nofp/libcr_nohost_nf.a(__sys_seek.o)
 .comment       0x0000000000000079       0x7a /usr/local/mcuxpressoide-11.2.0_4120/ide/plugins/com.nxp.mcuxpresso.tools.linux_11.2.0.202001021529/tools/bin/../lib/gcc/arm-none-eabi/9.2.1/../../../../arm-none-eabi/lib/thumb/v6-m/nofp/libcr_nohost_nf.a(__sys_tmpnam.o)
 .comment       0x0000000000000079       0x7a /usr/local/mcuxpressoide-11.2.0_4120/ide/plugins/com.nxp.mcuxpresso.tools.linux_11.2.0.202001021529/tools/bin/../lib/gcc/arm-none-eabi/9.2.1/../../../../arm-none-eabi/lib/thumb/v6-m/nofp/libcr_nohost_nf.a(__sys_write.o)

.ARM.attributes
                0x0000000000000000       0x2a
 .ARM.attributes
                0x0000000000000000       0x2c ./utilities/fsl_debug_console.o
 .ARM.attributes
                0x000000000000002c       0x2c ./startup/startup_mkl25z4.o
 .ARM.attributes
                0x0000000000000058       0x2c ./source/Assignment_4_Buffaiti.o
 .ARM.attributes
                0x0000000000000084       0x2c ./source/cap_sensor.o
 .ARM.attributes
                0x00000000000000b0       0x2c ./source/led.o
 .ARM.attributes
                0x00000000000000dc       0x32 ./source/mtb.o
 .ARM.attributes
                0x000000000000010e       0x2c ./source/semihost_hardfault.o
 .ARM.attributes
                0x000000000000013a       0x2c ./source/statemachine.o
 .ARM.attributes
                0x0000000000000166       0x2c ./source/switch.o
 .ARM.attributes
                0x0000000000000192       0x2c ./source/temp_systick.o
 .ARM.attributes
                0x00000000000001be       0x2c ./drivers/fsl_clock.o
 .ARM.attributes
                0x00000000000001ea       0x2c ./drivers/fsl_lpsci.o
 .ARM.attributes
                0x0000000000000216       0x2c ./drivers/fsl_spi.o
 .ARM.attributes
                0x0000000000000242       0x2c ./drivers/fsl_uart.o
 .ARM.attributes
                0x000000000000026e       0x2c ./board/board.o
 .ARM.attributes
                0x000000000000029a       0x2c ./board/clock_config.o
 .ARM.attributes
                0x00000000000002c6       0x2c ./board/peripherals.o
 .ARM.attributes
                0x00000000000002f2       0x2c ./board/pin_mux.o
 .ARM.attributes
                0x000000000000031e       0x2c ./CMSIS/system_MKL25Z4.o
 .ARM.attributes
                0x000000000000034a       0x2c /usr/local/mcuxpressoide-11.2.0_4120/ide/plugins/com.nxp.mcuxpresso.tools.linux_11.2.0.202001021529/tools/bin/../lib/gcc/arm-none-eabi/9.2.1/../../../../arm-none-eabi/lib/thumb/v6-m/nofp/libcr_nohost_nf.a(_cr__main.o)
 .ARM.attributes
                0x0000000000000376       0x2c /usr/local/mcuxpressoide-11.2.0_4120/ide/plugins/com.nxp.mcuxpresso.tools.linux_11.2.0.202001021529/tools/bin/../lib/gcc/arm-none-eabi/9.2.1/../../../../arm-none-eabi/lib/thumb/v6-m/nofp/libcr_c.a(memset.o)
 .ARM.attributes
                0x00000000000003a2       0x2c /usr/local/mcuxpressoide-11.2.0_4120/ide/plugins/com.nxp.mcuxpresso.tools.linux_11.2.0.202001021529/tools/bin/../lib/gcc/arm-none-eabi/9.2.1/../../../../arm-none-eabi/lib/thumb/v6-m/nofp/libcr_c.a(initio.o)
 .ARM.attributes
                0x00000000000003ce       0x2c /usr/local/mcuxpressoide-11.2.0_4120/ide/plugins/com.nxp.mcuxpresso.tools.linux_11.2.0.202001021529/tools/bin/../lib/gcc/arm-none-eabi/9.2.1/../../../../arm-none-eabi/lib/thumb/v6-m/nofp/libcr_c.a(setvbuf.o)
 .ARM.attributes
                0x00000000000003fa       0x2c /usr/local/mcuxpressoide-11.2.0_4120/ide/plugins/com.nxp.mcuxpresso.tools.linux_11.2.0.202001021529/tools/bin/../lib/gcc/arm-none-eabi/9.2.1/../../../../arm-none-eabi/lib/thumb/v6-m/nofp/libcr_c.a(strlen.o)
 .ARM.attributes
                0x0000000000000426       0x2c /usr/local/mcuxpressoide-11.2.0_4120/ide/plugins/com.nxp.mcuxpresso.tools.linux_11.2.0.202001021529/tools/bin/../lib/gcc/arm-none-eabi/9.2.1/../../../../arm-none-eabi/lib/thumb/v6-m/nofp/libcr_c.a(_fdopen.o)
 .ARM.attributes
                0x0000000000000452       0x31 /usr/local/mcuxpressoide-11.2.0_4120/ide/plugins/com.nxp.mcuxpresso.tools.linux_11.2.0.202001021529/tools/bin/../lib/gcc/arm-none-eabi/9.2.1/../../../../arm-none-eabi/lib/thumb/v6-m/nofp/libcr_c.a(errno.o)
 .ARM.attributes
                0x0000000000000483       0x2c /usr/local/mcuxpressoide-11.2.0_4120/ide/plugins/com.nxp.mcuxpresso.tools.linux_11.2.0.202001021529/tools/bin/../lib/gcc/arm-none-eabi/9.2.1/../../../../arm-none-eabi/lib/thumb/v6-m/nofp/libcr_c.a(fclose.o)
 .ARM.attributes
                0x00000000000004af       0x2c /usr/local/mcuxpressoide-11.2.0_4120/ide/plugins/com.nxp.mcuxpresso.tools.linux_11.2.0.202001021529/tools/bin/../lib/gcc/arm-none-eabi/9.2.1/../../../../arm-none-eabi/lib/thumb/v6-m/nofp/libcr_c.a(fflush.o)
 .ARM.attributes
                0x00000000000004db       0x2c /usr/local/mcuxpressoide-11.2.0_4120/ide/plugins/com.nxp.mcuxpresso.tools.linux_11.2.0.202001021529/tools/bin/../lib/gcc/arm-none-eabi/9.2.1/../../../../arm-none-eabi/lib/thumb/v6-m/nofp/libcr_c.a(fseek.o)
 .ARM.attributes
                0x0000000000000507       0x2c /usr/local/mcuxpressoide-11.2.0_4120/ide/plugins/com.nxp.mcuxpresso.tools.linux_11.2.0.202001021529/tools/bin/../lib/gcc/arm-none-eabi/9.2.1/../../../../arm-none-eabi/lib/thumb/v6-m/nofp/libcr_c.a(ftell.o)
 .ARM.attributes
                0x0000000000000533       0x2c /usr/local/mcuxpressoide-11.2.0_4120/ide/plugins/com.nxp.mcuxpresso.tools.linux_11.2.0.202001021529/tools/bin/../lib/gcc/arm-none-eabi/9.2.1/../../../../arm-none-eabi/lib/thumb/v6-m/nofp/libcr_c.a(remove.o)
 .ARM.attributes
                0x000000000000055f       0x2c /usr/local/mcuxpressoide-11.2.0_4120/ide/plugins/com.nxp.mcuxpresso.tools.linux_11.2.0.202001021529/tools/bin/../lib/gcc/arm-none-eabi/9.2.1/../../../../arm-none-eabi/lib/thumb/v6-m/nofp/libcr_c.a(_do_fflush.o)
 .ARM.attributes
                0x000000000000058b       0x2c /usr/local/mcuxpressoide-11.2.0_4120/ide/plugins/com.nxp.mcuxpresso.tools.linux_11.2.0.202001021529/tools/bin/../lib/gcc/arm-none-eabi/9.2.1/../../../../arm-none-eabi/lib/thumb/v6-m/nofp/libcr_c.a(_fflush.o)
 .ARM.attributes
                0x00000000000005b7       0x2c /usr/local/mcuxpressoide-11.2.0_4120/ide/plugins/com.nxp.mcuxpresso.tools.linux_11.2.0.202001021529/tools/bin/../lib/gcc/arm-none-eabi/9.2.1/../../../../arm-none-eabi/lib/thumb/v6-m/nofp/libcr_c.a(_writebuf.o)
 .ARM.attributes
                0x00000000000005e3       0x2c /usr/local/mcuxpressoide-11.2.0_4120/ide/plugins/com.nxp.mcuxpresso.tools.linux_11.2.0.202001021529/tools/bin/../lib/gcc/arm-none-eabi/9.2.1/../../../../arm-none-eabi/lib/thumb/v6-m/nofp/libcr_c.a(alloc.o)
 .ARM.attributes
                0x000000000000060f       0x2c /usr/local/mcuxpressoide-11.2.0_4120/ide/plugins/com.nxp.mcuxpresso.tools.linux_11.2.0.202001021529/tools/bin/../lib/gcc/arm-none-eabi/9.2.1/../../../../arm-none-eabi/lib/thumb/v6-m/nofp/libcr_c.a(_deferredlazyseek.o)
 .ARM.attributes
                0x000000000000063b       0x1c /usr/local/mcuxpressoide-11.2.0_4120/ide/plugins/com.nxp.mcuxpresso.tools.linux_11.2.0.202001021529/tools/bin/../lib/gcc/arm-none-eabi/9.2.1/thumb/v6-m/nofp/libcr_eabihelpers.a(division_32.o)
 .ARM.attributes
                0x0000000000000657       0x1c /usr/local/mcuxpressoide-11.2.0_4120/ide/plugins/com.nxp.mcuxpresso.tools.linux_11.2.0.202001021529/tools/bin/../lib/gcc/arm-none-eabi/9.2.1/thumb/v6-m/nofp/libcr_eabihelpers.a(division_idiv0.o)
 .ARM.attributes
                0x0000000000000673       0x2c /usr/local/mcuxpressoide-11.2.0_4120/ide/plugins/com.nxp.mcuxpresso.tools.linux_11.2.0.202001021529/tools/bin/../lib/gcc/arm-none-eabi/9.2.1/thumb/v6-m/nofp/libcr_eabihelpers.a(double.o)
 .ARM.attributes
                0x000000000000069f       0x1c /usr/local/mcuxpressoide-11.2.0_4120/ide/plugins/com.nxp.mcuxpresso.tools.linux_11.2.0.202001021529/tools/bin/../lib/gcc/arm-none-eabi/9.2.1/thumb/v6-m/nofp/libcr_eabihelpers.a(llong.o)
 .ARM.attributes
                0x00000000000006bb       0x1c /usr/local/mcuxpressoide-11.2.0_4120/ide/plugins/com.nxp.mcuxpresso.tools.linux_11.2.0.202001021529/tools/bin/../lib/gcc/arm-none-eabi/9.2.1/thumb/v6-m/nofp/libcr_eabihelpers.a(memcpy.o)
 .ARM.attributes
                0x00000000000006d7       0x1c /usr/local/mcuxpressoide-11.2.0_4120/ide/plugins/com.nxp.mcuxpresso.tools.linux_11.2.0.202001021529/tools/bin/../lib/gcc/arm-none-eabi/9.2.1/thumb/v6-m/nofp/libcr_eabihelpers.a(thumb1_switch_helpers.o)
 .ARM.attributes
                0x00000000000006f3       0x31 /usr/local/mcuxpressoide-11.2.0_4120/ide/plugins/com.nxp.mcuxpresso.tools.linux_11.2.0.202001021529/tools/bin/../lib/gcc/arm-none-eabi/9.2.1/../../../../arm-none-eabi/lib/thumb/v6-m/nofp/libcr_nohost_nf.a(__ciob.o)
 .ARM.attributes
                0x0000000000000724       0x2c /usr/local/mcuxpressoide-11.2.0_4120/ide/plugins/com.nxp.mcuxpresso.tools.linux_11.2.0.202001021529/tools/bin/../lib/gcc/arm-none-eabi/9.2.1/../../../../arm-none-eabi/lib/thumb/v6-m/nofp/libcr_nohost_nf.a(__sys_close.o)
 .ARM.attributes
                0x0000000000000750       0x2c /usr/local/mcuxpressoide-11.2.0_4120/ide/plugins/com.nxp.mcuxpresso.tools.linux_11.2.0.202001021529/tools/bin/../lib/gcc/arm-none-eabi/9.2.1/../../../../arm-none-eabi/lib/thumb/v6-m/nofp/libcr_nohost_nf.a(__sys_flen.o)
 .ARM.attributes
                0x000000000000077c       0x2c /usr/local/mcuxpressoide-11.2.0_4120/ide/plugins/com.nxp.mcuxpresso.tools.linux_11.2.0.202001021529/tools/bin/../lib/gcc/arm-none-eabi/9.2.1/../../../../arm-none-eabi/lib/thumb/v6-m/nofp/libcr_nohost_nf.a(__sys_istty.o)
 .ARM.attributes
                0x00000000000007a8       0x2c /usr/local/mcuxpressoide-11.2.0_4120/ide/plugins/com.nxp.mcuxpresso.tools.linux_11.2.0.202001021529/tools/bin/../lib/gcc/arm-none-eabi/9.2.1/../../../../arm-none-eabi/lib/thumb/v6-m/nofp/libcr_nohost_nf.a(__sys_remove.o)
 .ARM.attributes
                0x00000000000007d4       0x2c /usr/local/mcuxpressoide-11.2.0_4120/ide/plugins/com.nxp.mcuxpresso.tools.linux_11.2.0.202001021529/tools/bin/../lib/gcc/arm-none-eabi/9.2.1/../../../../arm-none-eabi/lib/thumb/v6-m/nofp/libcr_nohost_nf.a(__sys_seek.o)
 .ARM.attributes
                0x0000000000000800       0x2c /usr/local/mcuxpressoide-11.2.0_4120/ide/plugins/com.nxp.mcuxpresso.tools.linux_11.2.0.202001021529/tools/bin/../lib/gcc/arm-none-eabi/9.2.1/../../../../arm-none-eabi/lib/thumb/v6-m/nofp/libcr_nohost_nf.a(__sys_tmpnam.o)
 .ARM.attributes
                0x000000000000082c       0x2c /usr/local/mcuxpressoide-11.2.0_4120/ide/plugins/com.nxp.mcuxpresso.tools.linux_11.2.0.202001021529/tools/bin/../lib/gcc/arm-none-eabi/9.2.1/../../../../arm-none-eabi/lib/thumb/v6-m/nofp/libcr_nohost_nf.a(__sys_write.o)

.debug_frame    0x0000000000000000     0x13a0
 .debug_frame   0x0000000000000000       0xe0 ./utilities/fsl_debug_console.o
 .debug_frame   0x00000000000000e0      0x3bc ./startup/startup_mkl25z4.o
 .debug_frame   0x000000000000049c       0x28 ./source/Assignment_4_Buffaiti.o
 .debug_frame   0x00000000000004c4       0x30 ./source/cap_sensor.o
 .debug_frame   0x00000000000004f4       0x48 ./source/led.o
 .debug_frame   0x000000000000053c       0x20 ./source/semihost_hardfault.o
 .debug_frame   0x000000000000055c       0x80 ./source/statemachine.o
 .debug_frame   0x00000000000005dc       0x38 ./source/switch.o
 .debug_frame   0x0000000000000614       0x7c ./source/temp_systick.o
 .debug_frame   0x0000000000000690      0x45c ./drivers/fsl_clock.o
 .debug_frame   0x0000000000000aec      0x244 ./drivers/fsl_lpsci.o
 .debug_frame   0x0000000000000d30      0x2bc ./drivers/fsl_spi.o
 .debug_frame   0x0000000000000fec      0x2a0 ./drivers/fsl_uart.o
 .debug_frame   0x000000000000128c       0x28 ./board/board.o
 .debug_frame   0x00000000000012b4       0x58 ./board/clock_config.o
 .debug_frame   0x000000000000130c       0x20 ./board/peripherals.o
 .debug_frame   0x000000000000132c       0x38 ./board/pin_mux.o
 .debug_frame   0x0000000000001364       0x3c ./CMSIS/system_MKL25Z4.o

Cross Reference Table

Symbol                                            File
ADC0_DriverIRQHandler                             ./startup/startup_mkl25z4.o
ADC0_IRQHandler                                   ./startup/startup_mkl25z4.o
BOARD_BootClockRUN                                ./board/clock_config.o
BOARD_BootClockVLPR                               ./board/clock_config.o
BOARD_InitBootClocks                              ./board/clock_config.o
                                                  ./source/Assignment_4_Buffaiti.o
BOARD_InitBootPeripherals                         ./board/peripherals.o
                                                  ./source/Assignment_4_Buffaiti.o
BOARD_InitBootPins                                ./board/pin_mux.o
                                                  ./source/Assignment_4_Buffaiti.o
BOARD_InitDebugConsole                            ./board/board.o
                                                  ./source/Assignment_4_Buffaiti.o
BOARD_InitPins                                    ./board/pin_mux.o
CAP_Init                                          ./source/cap_sensor.o
                                                  ./source/Assignment_4_Buffaiti.o
CAP_Scan                                          ./source/cap_sensor.o
                                                  ./source/statemachine.o
CLOCK_BootToBlpeMode                              ./drivers/fsl_clock.o
CLOCK_BootToBlpiMode                              ./drivers/fsl_clock.o
                                                  ./board/clock_config.o
CLOCK_BootToFeeMode                               ./drivers/fsl_clock.o
CLOCK_BootToFeiMode                               ./drivers/fsl_clock.o
CLOCK_BootToPeeMode                               ./drivers/fsl_clock.o
                                                  ./board/clock_config.o
CLOCK_CalcPllDiv                                  ./drivers/fsl_clock.o
CLOCK_ClearStatusFlags                            ./drivers/fsl_clock.o
CLOCK_DeinitOsc0                                  ./drivers/fsl_clock.o
CLOCK_EnablePll0                                  ./drivers/fsl_clock.o
CLOCK_EnableUsbfs0Clock                           ./drivers/fsl_clock.o
CLOCK_ExternalModeToFbeModeQuick                  ./drivers/fsl_clock.o
CLOCK_FllStableDelay                              ./drivers/fsl_clock.o
CLOCK_GetBusClkFreq                               ./drivers/fsl_clock.o
CLOCK_GetCoreSysClkFreq                           ./drivers/fsl_clock.o
CLOCK_GetEr32kClkFreq                             ./drivers/fsl_clock.o
CLOCK_GetFixedFreqClkFreq                         ./drivers/fsl_clock.o
CLOCK_GetFlashClkFreq                             ./drivers/fsl_clock.o
CLOCK_GetFllFreq                                  ./drivers/fsl_clock.o
CLOCK_GetFreq                                     ./drivers/fsl_clock.o
CLOCK_GetInternalRefClkFreq                       ./drivers/fsl_clock.o
CLOCK_GetMode                                     ./drivers/fsl_clock.o
CLOCK_GetOsc0ErClkFreq                            ./drivers/fsl_clock.o
CLOCK_GetOutClkFreq                               ./drivers/fsl_clock.o
CLOCK_GetPlatClkFreq                              ./drivers/fsl_clock.o
CLOCK_GetPll0Freq                                 ./drivers/fsl_clock.o
CLOCK_GetPllFllSelClkFreq                         ./drivers/fsl_clock.o
                                                  ./board/board.o
CLOCK_GetStatusFlags                              ./drivers/fsl_clock.o
CLOCK_InitOsc0                                    ./drivers/fsl_clock.o
                                                  ./board/clock_config.o
CLOCK_InternalModeToFbiModeQuick                  ./drivers/fsl_clock.o
CLOCK_SetBlpeMode                                 ./drivers/fsl_clock.o
CLOCK_SetBlpiMode                                 ./drivers/fsl_clock.o
CLOCK_SetExternalRefClkConfig                     ./drivers/fsl_clock.o
CLOCK_SetFbeMode                                  ./drivers/fsl_clock.o
CLOCK_SetFbiMode                                  ./drivers/fsl_clock.o
CLOCK_SetFeeMode                                  ./drivers/fsl_clock.o
CLOCK_SetFeiMode                                  ./drivers/fsl_clock.o
CLOCK_SetInternalRefClkConfig                     ./drivers/fsl_clock.o
                                                  ./board/clock_config.o
CLOCK_SetMcgConfig                                ./drivers/fsl_clock.o
CLOCK_SetOsc0MonitorMode                          ./drivers/fsl_clock.o
CLOCK_SetPbeMode                                  ./drivers/fsl_clock.o
CLOCK_SetPeeMode                                  ./drivers/fsl_clock.o
CLOCK_SetPll0MonitorMode                          ./drivers/fsl_clock.o
CLOCK_SetSimConfig                                ./drivers/fsl_clock.o
                                                  ./board/clock_config.o
CLOCK_TrimInternalRefClk                          ./drivers/fsl_clock.o
CMP0_DriverIRQHandler                             ./startup/startup_mkl25z4.o
CMP0_IRQHandler                                   ./startup/startup_mkl25z4.o
CMP_ClearStatusFlags                              ./drivers/fsl_cmp.o
CMP_Deinit                                        ./drivers/fsl_cmp.o
CMP_DisableInterrupts                             ./drivers/fsl_cmp.o
CMP_EnableDMA                                     ./drivers/fsl_cmp.o
CMP_EnableInterrupts                              ./drivers/fsl_cmp.o
CMP_GetDefaultConfig                              ./drivers/fsl_cmp.o
CMP_GetStatusFlags                                ./drivers/fsl_cmp.o
CMP_Init                                          ./drivers/fsl_cmp.o
CMP_SetDACConfig                                  ./drivers/fsl_cmp.o
CMP_SetFilterConfig                               ./drivers/fsl_cmp.o
CMP_SetInputChannels                              ./drivers/fsl_cmp.o
COP_GetDefaultConfig                              ./drivers/fsl_cop.o
COP_Init                                          ./drivers/fsl_cop.o
COP_Refresh                                       ./drivers/fsl_cop.o
DAC0_DriverIRQHandler                             ./startup/startup_mkl25z4.o
DAC0_IRQHandler                                   ./startup/startup_mkl25z4.o
DMA0_DriverIRQHandler                             ./startup/startup_mkl25z4.o
DMA0_IRQHandler                                   ./startup/startup_mkl25z4.o
DMA1_DriverIRQHandler                             ./startup/startup_mkl25z4.o
DMA1_IRQHandler                                   ./startup/startup_mkl25z4.o
DMA2_DriverIRQHandler                             ./startup/startup_mkl25z4.o
DMA2_IRQHandler                                   ./startup/startup_mkl25z4.o
DMA3_DriverIRQHandler                             ./startup/startup_mkl25z4.o
DMA3_IRQHandler                                   ./startup/startup_mkl25z4.o
DbgConsole_Deinit                                 ./utilities/fsl_debug_console.o
DbgConsole_Getchar                                ./utilities/fsl_debug_console.o
DbgConsole_Init                                   ./utilities/fsl_debug_console.o
                                                  ./board/board.o
DbgConsole_Printf                                 ./utilities/fsl_debug_console.o
DbgConsole_Putchar                                ./utilities/fsl_debug_console.o
DbgConsole_Scanf                                  ./utilities/fsl_debug_console.o
Delay                                             ./source/temp_systick.o
                                                  ./source/statemachine.o
FLASH_Erase                                       ./drivers/fsl_flash.o
FLASH_EraseAll                                    ./drivers/fsl_flash.o
FLASH_EraseAllExecuteOnlySegments                 ./drivers/fsl_flash.o
FLASH_GetProperty                                 ./drivers/fsl_flash.o
FLASH_GetSecurityState                            ./drivers/fsl_flash.o
FLASH_Init                                        ./drivers/fsl_flash.o
FLASH_IsExecuteOnly                               ./drivers/fsl_flash.o
FLASH_IsProtected                                 ./drivers/fsl_flash.o
FLASH_PflashGetPrefetchSpeculation                ./drivers/fsl_flash.o
FLASH_PflashGetProtection                         ./drivers/fsl_flash.o
FLASH_PflashSetPrefetchSpeculation                ./drivers/fsl_flash.o
                                                  ./drivers/fsl_smc.o
FLASH_PflashSetProtection                         ./drivers/fsl_flash.o
FLASH_PrepareExecuteInRamFunctions                ./drivers/fsl_flash.o
FLASH_Program                                     ./drivers/fsl_flash.o
FLASH_ProgramOnce                                 ./drivers/fsl_flash.o
FLASH_ReadOnce                                    ./drivers/fsl_flash.o
FLASH_ReadResource                                ./drivers/fsl_flash.o
FLASH_SecurityBypass                              ./drivers/fsl_flash.o
FLASH_SetCallback                                 ./drivers/fsl_flash.o
FLASH_SetProperty                                 ./drivers/fsl_flash.o
FLASH_VerifyErase                                 ./drivers/fsl_flash.o
FLASH_VerifyEraseAll                              ./drivers/fsl_flash.o
FLASH_VerifyEraseAllExecuteOnlySegments           ./drivers/fsl_flash.o
FLASH_VerifyProgram                               ./drivers/fsl_flash.o
FTFA_DriverIRQHandler                             ./startup/startup_mkl25z4.o
FTFA_IRQHandler                                   ./startup/startup_mkl25z4.o
Flash_Config                                      ./startup/startup_mkl25z4.o
GPIO_ClearPinsInterruptFlags                      ./drivers/fsl_gpio.o
GPIO_GetPinsInterruptFlags                        ./drivers/fsl_gpio.o
GPIO_PinInit                                      ./drivers/fsl_gpio.o
HardFault_Handler                                 ./source/semihost_hardfault.o
                                                  ./startup/startup_mkl25z4.o
I2C0_DriverIRQHandler                             ./startup/startup_mkl25z4.o
I2C0_IRQHandler                                   ./startup/startup_mkl25z4.o
I2C1_DriverIRQHandler                             ./startup/startup_mkl25z4.o
I2C1_IRQHandler                                   ./startup/startup_mkl25z4.o
Init_LED_PWM                                      ./source/led.o
                                                  ./source/Assignment_4_Buffaiti.o
Init_Switch                                       ./source/switch.o
                                                  ./source/Assignment_4_Buffaiti.o
InstallIRQHandler                                 ./drivers/fsl_common.o
IntDefaultHandler                                 ./startup/startup_mkl25z4.o
LED_SET                                           ./source/led.o
                                                  ./source/statemachine.o
LLWU_DriverIRQHandler                             ./startup/startup_mkl25z4.o
LLWU_IRQHandler                                   ./startup/startup_mkl25z4.o
LPSCI_ClearStatusFlags                            ./drivers/fsl_lpsci.o
LPSCI_Deinit                                      ./drivers/fsl_lpsci.o
                                                  ./utilities/fsl_debug_console.o
LPSCI_DisableInterrupts                           ./drivers/fsl_lpsci.o
LPSCI_EnableInterrupts                            ./drivers/fsl_lpsci.o
LPSCI_GetDefaultConfig                            ./drivers/fsl_lpsci.o
                                                  ./utilities/fsl_debug_console.o
LPSCI_GetEnabledInterrupts                        ./drivers/fsl_lpsci.o
LPSCI_GetInstance                                 ./drivers/fsl_lpsci.o
LPSCI_GetStatusFlags                              ./drivers/fsl_lpsci.o
LPSCI_Init                                        ./drivers/fsl_lpsci.o
                                                  ./utilities/fsl_debug_console.o
LPSCI_ReadBlocking                                ./drivers/fsl_lpsci.o
                                                  ./utilities/fsl_debug_console.o
LPSCI_SetBaudRate                                 ./drivers/fsl_lpsci.o
LPSCI_TransferAbortReceive                        ./drivers/fsl_lpsci.o
LPSCI_TransferAbortSend                           ./drivers/fsl_lpsci.o
LPSCI_TransferCreateHandle                        ./drivers/fsl_lpsci.o
LPSCI_TransferGetReceiveCount                     ./drivers/fsl_lpsci.o
LPSCI_TransferGetSendCount                        ./drivers/fsl_lpsci.o
LPSCI_TransferHandleErrorIRQ                      ./drivers/fsl_lpsci.o
LPSCI_TransferHandleIRQ                           ./drivers/fsl_lpsci.o
LPSCI_TransferReceiveNonBlocking                  ./drivers/fsl_lpsci.o
LPSCI_TransferSendNonBlocking                     ./drivers/fsl_lpsci.o
LPSCI_TransferStartRingBuffer                     ./drivers/fsl_lpsci.o
LPSCI_TransferStopRingBuffer                      ./drivers/fsl_lpsci.o
LPSCI_WriteBlocking                               ./drivers/fsl_lpsci.o
                                                  ./utilities/fsl_debug_console.o
LPTMR0_DriverIRQHandler                           ./startup/startup_mkl25z4.o
LPTMR0_IRQHandler                                 ./startup/startup_mkl25z4.o
LVD_LVW_DriverIRQHandler                          ./startup/startup_mkl25z4.o
LVD_LVW_IRQHandler                                ./startup/startup_mkl25z4.o
MCG_DriverIRQHandler                              ./startup/startup_mkl25z4.o
MCG_IRQHandler                                    ./startup/startup_mkl25z4.o
NMI_Handler                                       ./startup/startup_mkl25z4.o
PIT_DriverIRQHandler                              ./startup/startup_mkl25z4.o
PIT_IRQHandler                                    ./startup/startup_mkl25z4.o
PORTA_DriverIRQHandler                            ./startup/startup_mkl25z4.o
PORTA_IRQHandler                                  ./source/switch.o
                                                  ./startup/startup_mkl25z4.o
PORTD_DriverIRQHandler                            ./startup/startup_mkl25z4.o
PORTD_IRQHandler                                  ./startup/startup_mkl25z4.o
PendSV_Handler                                    ./startup/startup_mkl25z4.o
RTC_DriverIRQHandler                              ./startup/startup_mkl25z4.o
RTC_IRQHandler                                    ./startup/startup_mkl25z4.o
RTC_Seconds_DriverIRQHandler                      ./startup/startup_mkl25z4.o
RTC_Seconds_IRQHandler                            ./startup/startup_mkl25z4.o
Reserved20_DriverIRQHandler                       ./startup/startup_mkl25z4.o
Reserved20_IRQHandler                             ./startup/startup_mkl25z4.o
Reserved39_DriverIRQHandler                       ./startup/startup_mkl25z4.o
Reserved39_IRQHandler                             ./startup/startup_mkl25z4.o
Reserved45_DriverIRQHandler                       ./startup/startup_mkl25z4.o
Reserved45_IRQHandler                             ./startup/startup_mkl25z4.o
ResetISR                                          ./startup/startup_mkl25z4.o
SMC_PostExitStopModes                             ./drivers/fsl_smc.o
SMC_PreEnterStopModes                             ./drivers/fsl_smc.o
SMC_SetPowerModeLls                               ./drivers/fsl_smc.o
SMC_SetPowerModeRun                               ./drivers/fsl_smc.o
SMC_SetPowerModeStop                              ./drivers/fsl_smc.o
SMC_SetPowerModeVlls                              ./drivers/fsl_smc.o
SMC_SetPowerModeVlpr                              ./drivers/fsl_smc.o
                                                  ./board/clock_config.o
SMC_SetPowerModeVlps                              ./drivers/fsl_smc.o
SMC_SetPowerModeVlpw                              ./drivers/fsl_smc.o
SMC_SetPowerModeWait                              ./drivers/fsl_smc.o
SPI0_DriverIRQHandler                             ./drivers/fsl_spi.o
                                                  ./startup/startup_mkl25z4.o
SPI0_IRQHandler                                   ./startup/startup_mkl25z4.o
SPI1_DriverIRQHandler                             ./drivers/fsl_spi.o
                                                  ./startup/startup_mkl25z4.o
SPI1_IRQHandler                                   ./startup/startup_mkl25z4.o
SPI_Deinit                                        ./drivers/fsl_spi.o
SPI_DisableInterrupts                             ./drivers/fsl_spi.o
SPI_EnableInterrupts                              ./drivers/fsl_spi.o
SPI_GetInstance                                   ./drivers/fsl_spi.o
SPI_GetStatusFlags                                ./drivers/fsl_spi.o
SPI_MasterGetDefaultConfig                        ./drivers/fsl_spi.o
SPI_MasterInit                                    ./drivers/fsl_spi.o
SPI_MasterSetBaudRate                             ./drivers/fsl_spi.o
SPI_MasterTransferAbort                           ./drivers/fsl_spi.o
SPI_MasterTransferBlocking                        ./drivers/fsl_spi.o
SPI_MasterTransferCreateHandle                    ./drivers/fsl_spi.o
SPI_MasterTransferGetCount                        ./drivers/fsl_spi.o
SPI_MasterTransferHandleIRQ                       ./drivers/fsl_spi.o
SPI_MasterTransferNonBlocking                     ./drivers/fsl_spi.o
SPI_ReadData                                      ./drivers/fsl_spi.o
SPI_SlaveGetDefaultConfig                         ./drivers/fsl_spi.o
SPI_SlaveInit                                     ./drivers/fsl_spi.o
SPI_SlaveTransferCreateHandle                     ./drivers/fsl_spi.o
SPI_SlaveTransferHandleIRQ                        ./drivers/fsl_spi.o
SPI_WriteBlocking                                 ./drivers/fsl_spi.o
SPI_WriteData                                     ./drivers/fsl_spi.o
SVC_Handler                                       ./startup/startup_mkl25z4.o
SysTick_Handler                                   ./source/temp_systick.o
                                                  ./startup/startup_mkl25z4.o
SysTick_Init                                      ./source/temp_systick.o
                                                  ./source/Assignment_4_Buffaiti.o
SystemCoreClock                                   ./CMSIS/system_MKL25Z4.o
                                                  ./board/clock_config.o
SystemCoreClockUpdate                             ./CMSIS/system_MKL25Z4.o
SystemInit                                        ./CMSIS/system_MKL25Z4.o
                                                  ./startup/startup_mkl25z4.o
TPM0_DriverIRQHandler                             ./startup/startup_mkl25z4.o
TPM0_IRQHandler                                   ./startup/startup_mkl25z4.o
TPM1_DriverIRQHandler                             ./startup/startup_mkl25z4.o
TPM1_IRQHandler                                   ./startup/startup_mkl25z4.o
TPM2_DriverIRQHandler                             ./startup/startup_mkl25z4.o
TPM2_IRQHandler                                   ./startup/startup_mkl25z4.o
TPM_Deinit                                        ./drivers/fsl_tpm.o
TPM_DisableInterrupts                             ./drivers/fsl_tpm.o
TPM_EnableInterrupts                              ./drivers/fsl_tpm.o
TPM_GetDefaultConfig                              ./drivers/fsl_tpm.o
TPM_GetEnabledInterrupts                          ./drivers/fsl_tpm.o
TPM_Init                                          ./drivers/fsl_tpm.o
TPM_SetupInputCapture                             ./drivers/fsl_tpm.o
TPM_SetupOutputCompare                            ./drivers/fsl_tpm.o
TPM_SetupPwm                                      ./drivers/fsl_tpm.o
TPM_UpdateChnlEdgeLevelSelect                     ./drivers/fsl_tpm.o
TPM_UpdatePwmDutycycle                            ./drivers/fsl_tpm.o
TSI0_DriverIRQHandler                             ./startup/startup_mkl25z4.o
TSI0_IRQHandler                                   ./startup/startup_mkl25z4.o
TSI_Calibrate                                     ./drivers/fsl_tsi_v4.o
TSI_ClearStatusFlags                              ./drivers/fsl_tsi_v4.o
TSI_Deinit                                        ./drivers/fsl_tsi_v4.o
TSI_DisableInterrupts                             ./drivers/fsl_tsi_v4.o
TSI_EnableInterrupts                              ./drivers/fsl_tsi_v4.o
TSI_GetLowPowerModeDefaultConfig                  ./drivers/fsl_tsi_v4.o
TSI_GetNormalModeDefaultConfig                    ./drivers/fsl_tsi_v4.o
TSI_Init                                          ./drivers/fsl_tsi_v4.o
Timer_U32                                         ./source/temp_systick.o
UART0_DriverIRQHandler                            ./drivers/fsl_lpsci.o
                                                  ./startup/startup_mkl25z4.o
UART0_IRQHandler                                  ./startup/startup_mkl25z4.o
UART1_DriverIRQHandler                            ./drivers/fsl_uart.o
                                                  ./startup/startup_mkl25z4.o
UART1_IRQHandler                                  ./startup/startup_mkl25z4.o
UART1_RX_TX_DriverIRQHandler                      ./drivers/fsl_uart.o
UART2_DriverIRQHandler                            ./drivers/fsl_uart.o
                                                  ./startup/startup_mkl25z4.o
UART2_IRQHandler                                  ./startup/startup_mkl25z4.o
UART2_RX_TX_DriverIRQHandler                      ./drivers/fsl_uart.o
UART_ClearStatusFlags                             ./drivers/fsl_uart.o
UART_Deinit                                       ./drivers/fsl_uart.o
                                                  ./utilities/fsl_debug_console.o
UART_DisableInterrupts                            ./drivers/fsl_uart.o
UART_EnableInterrupts                             ./drivers/fsl_uart.o
UART_GetDefaultConfig                             ./drivers/fsl_uart.o
                                                  ./utilities/fsl_debug_console.o
UART_GetEnabledInterrupts                         ./drivers/fsl_uart.o
UART_GetInstance                                  ./drivers/fsl_uart.o
UART_GetStatusFlags                               ./drivers/fsl_uart.o
UART_Init                                         ./drivers/fsl_uart.o
                                                  ./utilities/fsl_debug_console.o
UART_ReadBlocking                                 ./drivers/fsl_uart.o
                                                  ./utilities/fsl_debug_console.o
UART_SetBaudRate                                  ./drivers/fsl_uart.o
UART_TransferAbortReceive                         ./drivers/fsl_uart.o
UART_TransferAbortSend                            ./drivers/fsl_uart.o
UART_TransferCreateHandle                         ./drivers/fsl_uart.o
UART_TransferGetReceiveCount                      ./drivers/fsl_uart.o
UART_TransferGetSendCount                         ./drivers/fsl_uart.o
UART_TransferHandleErrorIRQ                       ./drivers/fsl_uart.o
UART_TransferHandleIRQ                            ./drivers/fsl_uart.o
UART_TransferReceiveNonBlocking                   ./drivers/fsl_uart.o
UART_TransferSendNonBlocking                      ./drivers/fsl_uart.o
UART_TransferStartRingBuffer                      ./drivers/fsl_uart.o
UART_TransferStopRingBuffer                       ./drivers/fsl_uart.o
UART_WriteBlocking                                ./drivers/fsl_uart.o
                                                  ./utilities/fsl_debug_console.o
USB0_DriverIRQHandler                             ./startup/startup_mkl25z4.o
USB0_IRQHandler                                   ./startup/startup_mkl25z4.o
_Csys_alloc                                       /usr/local/mcuxpressoide-11.2.0_4120/ide/plugins/com.nxp.mcuxpresso.tools.linux_11.2.0.202001021529/tools/bin/../lib/gcc/arm-none-eabi/9.2.1/../../../../arm-none-eabi/lib/thumb/v6-m/nofp/libcr_c.a(alloc.o)
                                                  /usr/local/mcuxpressoide-11.2.0_4120/ide/plugins/com.nxp.mcuxpresso.tools.linux_11.2.0.202001021529/tools/bin/../lib/gcc/arm-none-eabi/9.2.1/../../../../arm-none-eabi/lib/thumb/v6-m/nofp/libcr_c.a(_deferredlazyseek.o)
_Cwritebuf                                        /usr/local/mcuxpressoide-11.2.0_4120/ide/plugins/com.nxp.mcuxpresso.tools.linux_11.2.0.202001021529/tools/bin/../lib/gcc/arm-none-eabi/9.2.1/../../../../arm-none-eabi/lib/thumb/v6-m/nofp/libcr_c.a(_writebuf.o)
                                                  /usr/local/mcuxpressoide-11.2.0_4120/ide/plugins/com.nxp.mcuxpresso.tools.linux_11.2.0.202001021529/tools/bin/../lib/gcc/arm-none-eabi/9.2.1/../../../../arm-none-eabi/lib/thumb/v6-m/nofp/libcr_c.a(_deferredlazyseek.o)
                                                  /usr/local/mcuxpressoide-11.2.0_4120/ide/plugins/com.nxp.mcuxpresso.tools.linux_11.2.0.202001021529/tools/bin/../lib/gcc/arm-none-eabi/9.2.1/../../../../arm-none-eabi/lib/thumb/v6-m/nofp/libcr_c.a(_fflush.o)
__Ciob                                            /usr/local/mcuxpressoide-11.2.0_4120/ide/plugins/com.nxp.mcuxpresso.tools.linux_11.2.0.202001021529/tools/bin/../lib/gcc/arm-none-eabi/9.2.1/../../../../arm-none-eabi/lib/thumb/v6-m/nofp/libcr_nohost_nf.a(__ciob.o)
                                                  /usr/local/mcuxpressoide-11.2.0_4120/ide/plugins/com.nxp.mcuxpresso.tools.linux_11.2.0.202001021529/tools/bin/../lib/gcc/arm-none-eabi/9.2.1/../../../../arm-none-eabi/lib/thumb/v6-m/nofp/libcr_c.a(fflush.o)
                                                  /usr/local/mcuxpressoide-11.2.0_4120/ide/plugins/com.nxp.mcuxpresso.tools.linux_11.2.0.202001021529/tools/bin/../lib/gcc/arm-none-eabi/9.2.1/../../../../arm-none-eabi/lib/thumb/v6-m/nofp/libcr_c.a(initio.o)
__RAM_VECTOR_TABLE_SIZE_BYTES                     ./drivers/fsl_common.o
__VECTOR_RAM                                      ./drivers/fsl_common.o
__VECTOR_TABLE                                    ./drivers/fsl_common.o
__Vectors                                         ./startup/startup_mkl25z4.o